[INFO] Scanning for projects...
[INFO] 
[INFO] -------------------------< com.smartlogi:sdms >-------------------------
[INFO] Building SmartLogi Delivery Management System 0.0.1-SNAPSHOT
[INFO]   from pom.xml
[INFO] --------------------------------[ jar ]---------------------------------
[INFO] 
[INFO] --- jacoco:0.8.10:prepare-agent (prepare-agent) @ sdms ---
[INFO] argLine set to -javaagent:C:\\Users\\safiy\\.m2\\repository\\org\\jacoco\\org.jacoco.agent\\0.8.10\\org.jacoco.agent-0.8.10-runtime.jar=destfile=C:\\Users\\safiy\\Desktop\\general\\briefs\\sdms\\target\\jacoco.exec
[INFO] 
[INFO] --- resources:3.3.1:resources (default-resources) @ sdms ---
[INFO] Copying 1 resource from src\main\resources to target\classes
[INFO] Copying 10 resources from src\main\resources to target\classes
[INFO] 
[INFO] --- compiler:3.14.1:compile (default-compile) @ sdms ---
[INFO] Nothing to compile - all classes are up to date.
[INFO] 
[INFO] --- resources:3.3.1:testResources (default-testResources) @ sdms ---
[INFO] Copying 1 resource from src\test\resources to target\test-classes
[INFO] 
[INFO] --- compiler:3.14.1:testCompile (default-testCompile) @ sdms ---
[INFO] Recompiling the module because of changed source code.
[INFO] Compiling 36 source files with javac [debug parameters release 17] to target\test-classes
[INFO] /C:/Users/safiy/Desktop/general/briefs/sdms/src/test/java/com/smartlogi/sdms/service/impl/ColisServiceImplTest.java: C:\Users\safiy\Desktop\general\briefs\sdms\src\test\java\com\smartlogi\sdms\service\impl\ColisServiceImplTest.java uses unchecked or unsafe operations.
[INFO] /C:/Users/safiy/Desktop/general/briefs/sdms/src/test/java/com/smartlogi/sdms/service/impl/ColisServiceImplTest.java: Recompile with -Xlint:unchecked for details.
[INFO] 
[INFO] --- surefire:3.5.4:test (default-test) @ sdms ---
[INFO] Using auto detected provider org.apache.maven.surefire.junitplatform.JUnitPlatformProvider
[INFO] 
[INFO] -------------------------------------------------------
[INFO]  T E S T S
[INFO] -------------------------------------------------------
[INFO] Running Tests Unitaires pour ClientExpediteurController
12:21:10.356 [main] INFO org.springframework.test.context.support.AnnotationConfigContextLoaderUtils -- Could not detect default configuration classes for test class [com.smartlogi.sdms.controller.ClientExpediteurControllerTest]: ClientExpediteurControllerTest does not declare any static, non-private, non-final, nested classes annotated with @Configuration.
12:21:12.187 [main] INFO org.springframework.boot.test.context.SpringBootTestContextBootstrapper -- Found @SpringBootConfiguration com.smartlogi.sdms.SmartLogiDeliveryManagementSystemApplication for test class com.smartlogi.sdms.controller.ClientExpediteurControllerTest
12:21:13.410 [main] INFO org.springframework.boot.devtools.restart.RestartApplicationListener -- Restart disabled due to context in which it is running

  .   ____          _            __ _ _
 /\\ / ___'_ __ _ _(_)_ __  __ _ \ \ \ \
( ( )\___ | '_ | '_| | '_ \/ _` | \ \ \ \
 \\/  ___)| |_)| | | | | || (_| |  ) ) ) )
  '  |____| .__|_| |_|_| |_\__, | / / / /
 =========|_|==============|___/=/_/_/_/

 :: Spring Boot ::                (v3.5.7)

2026-01-05 12:21:16 [main] INFO  c.s.s.c.ClientExpediteurControllerTest - Starting ClientExpediteurControllerTest using Java 17.0.12 with PID 22820 (started by Hamza in C:\Users\safiy\Desktop\general\briefs\sdms)
2026-01-05 12:21:16 [main] INFO  c.s.s.c.ClientExpediteurControllerTest - No active profile set, falling back to 1 default profile: "default"
2026-01-05 12:21:16 [background-preinit] INFO  o.h.validator.internal.util.Version - HV000001: Hibernate Validator 8.0.3.Final
mvn : Java HotSpot(TM) 64-Bit Server VM warning: Sharing is only supported for boot loader classes because bootstrap classpath has been appended
Au caractère Ligne:1 : 48
+ cd C:\Users\safiy\Desktop\general\briefs\sdms; mvn test 2>&1 | Out-Fi ...
+                                                ~~~~~~~~~~~~~
    + CategoryInfo          : NotSpecified: (Java HotSpot(TM...s been appended:String) [], RemoteException
    + FullyQualifiedErrorId : NativeCommandError
 
2026-01-05 12:21:31 [main] INFO  c.s.s.c.ClientExpediteurControllerTest - Started ClientExpediteurControllerTest in 18.083 seconds (process running for 24.262)
2026-01-05 12:21:34 [main] WARN  o.s.d.w.c.SpringDataJacksonConfiguration$PageModule$WarningLoggingModifier - Serializing PageImpl instances as-is is not supported, meaning that there is no guarantee about the stability of the resulting JSON structure!
	For a stable JSON structure, please use Spring Data's PagedModel (globally via @EnableSpringDataWebSupport(pageSerializationMode = VIA_DTO))
	or Spring HATEOAS and Spring Data's PagedResourcesAssembler as documented in https://docs.spring.io/spring-data/commons/reference/repositories/core-extensions.html#core.web.pageables.

[INFO] Tests run: 21, Failures: 0, Errors: 0, Skipped: 0, Time elapsed: 25.88 s -- in Tests Unitaires pour ClientExpediteurController
[INFO] Running Tests Unitaires pour ColisController

  .   ____          _            __ _ _
 /\\ / ___'_ __ _ _(_)_ __  __ _ \ \ \ \
( ( )\___ | '_ | '_| | '_ \/ _` | \ \ \ \
 \\/  ___)| |_)| | | | | || (_| |  ) ) ) )
  '  |____| .__|_| |_|_| |_\__, | / / / /
 =========|_|==============|___/=/_/_/_/

 :: Spring Boot ::                (v3.5.7)

2026-01-05 12:21:35 [main] INFO  c.s.s.controller.ColisControllerTest - Starting ColisControllerTest using Java 17.0.12 with PID 22820 (started by Hamza in C:\Users\safiy\Desktop\general\briefs\sdms)
2026-01-05 12:21:35 [main] INFO  c.s.s.controller.ColisControllerTest - No active profile set, falling back to 1 default profile: "default"
2026-01-05 12:21:37 [main] INFO  c.s.s.controller.ColisControllerTest - Started ColisControllerTest in 1.775 seconds (process running for 30.243)
2026-01-05 12:21:37 [main] WARN  o.s.d.w.c.SpringDataJacksonConfiguration$PageModule$WarningLoggingModifier - Serializing PageImpl instances as-is is not supported, meaning that there is no guarantee about the stability of the resulting JSON structure!
	For a stable JSON structure, please use Spring Data's PagedModel (globally via @EnableSpringDataWebSupport(pageSerializationMode = VIA_DTO))
	or Spring HATEOAS and Spring Data's PagedResourcesAssembler as documented in https://docs.spring.io/spring-data/commons/reference/repositories/core-extensions.html#core.web.pageables.

[INFO] Tests run: 19, Failures: 0, Errors: 0, Skipped: 0, Time elapsed: 2.648 s -- in Tests Unitaires pour ColisController
[INFO] Running Tests Unitaires pour DestinataireController

  .   ____          _            __ _ _
 /\\ / ___'_ __ _ _(_)_ __  __ _ \ \ \ \
( ( )\___ | '_ | '_| | '_ \/ _` | \ \ \ \
 \\/  ___)| |_)| | | | | || (_| |  ) ) ) )
  '  |____| .__|_| |_|_| |_\__, | / / / /
 =========|_|==============|___/=/_/_/_/

 :: Spring Boot ::                (v3.5.7)

2026-01-05 12:21:38 [main] INFO  c.s.s.c.DestinataireControllerTest - Starting DestinataireControllerTest using Java 17.0.12 with PID 22820 (started by Hamza in C:\Users\safiy\Desktop\general\briefs\sdms)
2026-01-05 12:21:38 [main] INFO  c.s.s.c.DestinataireControllerTest - No active profile set, falling back to 1 default profile: "default"
2026-01-05 12:21:39 [main] INFO  c.s.s.c.DestinataireControllerTest - Started DestinataireControllerTest in 1.126 seconds (process running for 32.129)
2026-01-05 12:21:39 [main] WARN  o.s.d.w.c.SpringDataJacksonConfiguration$PageModule$WarningLoggingModifier - Serializing PageImpl instances as-is is not supported, meaning that there is no guarantee about the stability of the resulting JSON structure!
	For a stable JSON structure, please use Spring Data's PagedModel (globally via @EnableSpringDataWebSupport(pageSerializationMode = VIA_DTO))
	or Spring HATEOAS and Spring Data's PagedResourcesAssembler as documented in https://docs.spring.io/spring-data/commons/reference/repositories/core-extensions.html#core.web.pageables.

[INFO] Tests run: 11, Failures: 0, Errors: 0, Skipped: 0, Time elapsed: 1.522 s -- in Tests Unitaires pour DestinataireController
[INFO] Running Tests Unitaires pour GestionnaireLogistiqueController

  .   ____          _            __ _ _
 /\\ / ___'_ __ _ _(_)_ __  __ _ \ \ \ \
( ( )\___ | '_ | '_| | '_ \/ _` | \ \ \ \
 \\/  ___)| |_)| | | | | || (_| |  ) ) ) )
  '  |____| .__|_| |_|_| |_\__, | / / / /
 =========|_|==============|___/=/_/_/_/

 :: Spring Boot ::                (v3.5.7)

2026-01-05 12:21:39 [main] INFO  c.s.s.c.GestionnaireLogistiqueControllerTest - Starting GestionnaireLogistiqueControllerTest using Java 17.0.12 with PID 22820 (started by Hamza in C:\Users\safiy\Desktop\general\briefs\sdms)
2026-01-05 12:21:39 [main] INFO  c.s.s.c.GestionnaireLogistiqueControllerTest - No active profile set, falling back to 1 default profile: "default"
2026-01-05 12:21:40 [main] INFO  c.s.s.c.GestionnaireLogistiqueControllerTest - Started GestionnaireLogistiqueControllerTest in 1.18 seconds (process running for 33.721)
[INFO] Tests run: 9, Failures: 0, Errors: 0, Skipped: 0, Time elapsed: 1.480 s -- in Tests Unitaires pour GestionnaireLogistiqueController
[INFO] Running Tests Unitaires pour HistoriqueLivraisonController

  .   ____          _            __ _ _
 /\\ / ___'_ __ _ _(_)_ __  __ _ \ \ \ \
( ( )\___ | '_ | '_| | '_ \/ _` | \ \ \ \
 \\/  ___)| |_)| | | | | || (_| |  ) ) ) )
  '  |____| .__|_| |_|_| |_\__, | / / / /
 =========|_|==============|___/=/_/_/_/

 :: Spring Boot ::                (v3.5.7)

2026-01-05 12:21:41 [main] INFO  c.s.s.c.HistoriqueLivraisonControllerTest - Starting HistoriqueLivraisonControllerTest using Java 17.0.12 with PID 22820 (started by Hamza in C:\Users\safiy\Desktop\general\briefs\sdms)
2026-01-05 12:21:41 [main] INFO  c.s.s.c.HistoriqueLivraisonControllerTest - No active profile set, falling back to 1 default profile: "default"
2026-01-05 12:21:42 [main] INFO  c.s.s.c.HistoriqueLivraisonControllerTest - Started HistoriqueLivraisonControllerTest in 0.878 seconds (process running for 34.912)
[INFO] Tests run: 5, Failures: 0, Errors: 0, Skipped: 0, Time elapsed: 1.045 s -- in Tests Unitaires pour HistoriqueLivraisonController
[INFO] Running Tests Unitaires pour LivreurController

  .   ____          _            __ _ _
 /\\ / ___'_ __ _ _(_)_ __  __ _ \ \ \ \
( ( )\___ | '_ | '_| | '_ \/ _` | \ \ \ \
 \\/  ___)| |_)| | | | | || (_| |  ) ) ) )
  '  |____| .__|_| |_|_| |_\__, | / / / /
 =========|_|==============|___/=/_/_/_/

 :: Spring Boot ::                (v3.5.7)

2026-01-05 12:21:42 [main] INFO  c.s.s.c.LivreurControllerTest - Starting LivreurControllerTest using Java 17.0.12 with PID 22820 (started by Hamza in C:\Users\safiy\Desktop\general\briefs\sdms)
2026-01-05 12:21:42 [main] INFO  c.s.s.c.LivreurControllerTest - No active profile set, falling back to 1 default profile: "default"
2026-01-05 12:21:43 [main] INFO  c.s.s.c.LivreurControllerTest - Started LivreurControllerTest in 1.146 seconds (process running for 36.237)
2026-01-05 12:21:43 [main] WARN  o.s.d.w.c.SpringDataJacksonConfiguration$PageModule$WarningLoggingModifier - Serializing PageImpl instances as-is is not supported, meaning that there is no guarantee about the stability of the resulting JSON structure!
	For a stable JSON structure, please use Spring Data's PagedModel (globally via @EnableSpringDataWebSupport(pageSerializationMode = VIA_DTO))
	or Spring HATEOAS and Spring Data's PagedResourcesAssembler as documented in https://docs.spring.io/spring-data/commons/reference/repositories/core-extensions.html#core.web.pageables.

[INFO] Tests run: 19, Failures: 0, Errors: 0, Skipped: 0, Time elapsed: 1.622 s -- in Tests Unitaires pour LivreurController
[INFO] Running Tests Unitaires pour ProduitController

  .   ____          _            __ _ _
 /\\ / ___'_ __ _ _(_)_ __  __ _ \ \ \ \
( ( )\___ | '_ | '_| | '_ \/ _` | \ \ \ \
 \\/  ___)| |_)| | | | | || (_| |  ) ) ) )
  '  |____| .__|_| |_|_| |_\__, | / / / /
 =========|_|==============|___/=/_/_/_/

 :: Spring Boot ::                (v3.5.7)

2026-01-05 12:21:43 [main] INFO  c.s.s.c.ProduitControllerTest - Starting ProduitControllerTest using Java 17.0.12 with PID 22820 (started by Hamza in C:\Users\safiy\Desktop\general\briefs\sdms)
2026-01-05 12:21:43 [main] INFO  c.s.s.c.ProduitControllerTest - No active profile set, falling back to 1 default profile: "default"
2026-01-05 12:21:44 [main] INFO  c.s.s.c.ProduitControllerTest - Started ProduitControllerTest in 0.877 seconds (process running for 37.596)
2026-01-05 12:21:44 [main] WARN  o.s.d.w.c.SpringDataJacksonConfiguration$PageModule$WarningLoggingModifier - Serializing PageImpl instances as-is is not supported, meaning that there is no guarantee about the stability of the resulting JSON structure!
	For a stable JSON structure, please use Spring Data's PagedModel (globally via @EnableSpringDataWebSupport(pageSerializationMode = VIA_DTO))
	or Spring HATEOAS and Spring Data's PagedResourcesAssembler as documented in https://docs.spring.io/spring-data/commons/reference/repositories/core-extensions.html#core.web.pageables.

[INFO] Tests run: 16, Failures: 0, Errors: 0, Skipped: 0, Time elapsed: 1.244 s -- in Tests Unitaires pour ProduitController
[INFO] Running Tests Unitaires pour ZoneController

  .   ____          _            __ _ _
 /\\ / ___'_ __ _ _(_)_ __  __ _ \ \ \ \
( ( )\___ | '_ | '_| | '_ \/ _` | \ \ \ \
 \\/  ___)| |_)| | | | | || (_| |  ) ) ) )
  '  |____| .__|_| |_|_| |_\__, | / / / /
 =========|_|==============|___/=/_/_/_/

 :: Spring Boot ::                (v3.5.7)

2026-01-05 12:21:45 [main] INFO  c.s.s.controller.ZoneControllerTest - Starting ZoneControllerTest using Java 17.0.12 with PID 22820 (started by Hamza in C:\Users\safiy\Desktop\general\briefs\sdms)
2026-01-05 12:21:45 [main] INFO  c.s.s.controller.ZoneControllerTest - No active profile set, falling back to 1 default profile: "default"
2026-01-05 12:21:46 [main] INFO  c.s.s.controller.ZoneControllerTest - Started ZoneControllerTest in 1.222 seconds (process running for 39.206)
2026-01-05 12:21:46 [main] WARN  o.s.d.w.c.SpringDataJacksonConfiguration$PageModule$WarningLoggingModifier - Serializing PageImpl instances as-is is not supported, meaning that there is no guarantee about the stability of the resulting JSON structure!
	For a stable JSON structure, please use Spring Data's PagedModel (globally via @EnableSpringDataWebSupport(pageSerializationMode = VIA_DTO))
	or Spring HATEOAS and Spring Data's PagedResourcesAssembler as documented in https://docs.spring.io/spring-data/commons/reference/repositories/core-extensions.html#core.web.pageables.

[INFO] Tests run: 16, Failures: 0, Errors: 0, Skipped: 0, Time elapsed: 1.632 s -- in Tests Unitaires pour ZoneController
[INFO] Running Tests d'IntÚgration REST - ColisController

  .   ____          _            __ _ _
 /\\ / ___'_ __ _ _(_)_ __  __ _ \ \ \ \
( ( )\___ | '_ | '_| | '_ \/ _` | \ \ \ \
 \\/  ___)| |_)| | | | | || (_| |  ) ) ) )
  '  |____| .__|_| |_|_| |_\__, | / / / /
 =========|_|==============|___/=/_/_/_/

 :: Spring Boot ::                (v3.5.7)

2026-01-05 12:21:46 [main] INFO  c.s.s.i.ColisControllerRestIntegrationTest - Starting ColisControllerRestIntegrationTest using Java 17.0.12 with PID 22820 (started by Hamza in C:\Users\safiy\Desktop\general\briefs\sdms)
2026-01-05 12:21:46 [main] INFO  c.s.s.i.ColisControllerRestIntegrationTest - The following 1 profile is active: "test"
2026-01-05 12:21:52 [main] WARN  org.hibernate.orm.deprecation - HHH90000025: H2Dialect does not need to be specified explicitly using 'hibernate.dialect' (remove the property setting and it will be selected by default)
2026-01-05 12:22:00 [main] WARN  o.s.s.c.a.a.c.InitializeUserDetailsBeanManagerConfigurer$InitializeUserDetailsManagerConfigurer - Global AuthenticationManager configured with an AuthenticationProvider bean. UserDetailsService beans will not be used by Spring Security for automatically configuring username/password login. Consider removing the AuthenticationProvider bean. Alternatively, consider using the UserDetailsService in a manually instantiated DaoAuthenticationProvider. If the current configuration is intentional, to turn off this warning, increase the logging level of 'org.springframework.security.config.annotation.authentication.configuration.InitializeUserDetailsBeanManagerConfigurer' to ERROR
2026-01-05 12:22:03 [main] WARN  o.s.b.a.o.j.JpaBaseConfiguration$JpaWebConfiguration - spring.jpa.open-in-view is enabled by default. Therefore, database queries may be performed during view rendering. Explicitly configure spring.jpa.open-in-view to disable this warning
2026-01-05 12:22:05 [main] INFO  c.s.s.i.ColisControllerRestIntegrationTest - Started ColisControllerRestIntegrationTest in 19.061 seconds (process running for 58.748)
2026-01-05 12:22:06 [main] INFO  c.s.s.service.impl.ColisServiceImpl - DÚbut de la crÚation de demande de livraison pour le client ID : 5418d229-3861-4bb0-b66d-52d40506ac54
2026-01-05 12:22:07 [main] INFO  c.s.s.service.impl.ColisServiceImpl - Colis crÚÚ avec succÞs (2 produits, 2.9 kg)

MockHttpServletRequest:
      HTTP Method = POST
      Request URI = /api/v1/colis
       Parameters = {}
          Headers = [Content-Type:"application/json;charset=UTF-8", Content-Length:"472"]
             Body = {"id":null,"description":"MatÚriel informatique fragile","poidsTotal":null,"statut":null,"priorite":"HAUTE","villeDestination":"Lyon","dateCreation":null,"dateDernierStatut":null,"clientExpediteurId":"5418d229-3861-4bb0-b66d-52d40506ac54","destinataireId":"493c43be-6b19-4022-bc3a-39ff2e5b694b","livreurId":null,"zoneId":null,"produits":[{"produitId":"91996370-24a4-46e2-b722-f4ff96d63e76","quantite":1},{"produitId":"8a32dfed-0ae8-4703-9cec-22cb4d7f4a14","quantite":2}]}
    Session Attrs = {}

Handler:
             Type = com.smartlogi.sdms.controller.ColisController
           Method = com.smartlogi.sdms.controller.ColisController#createColis(ColisDTO)

Async:
    Async started = false
     Async result = null

Resolved Exception:
             Type = null

ModelAndView:
        View name = null
             View = null
            Model = null

FlashMap:
       Attributes = null

MockHttpServletResponse:
           Status = 201
    Error message = null
          Headers = [Vary:"Origin", "Access-Control-Request-Method", "Access-Control-Request-Headers", Location:"/api/v1/colis/3d15dbb0-169b-4aa1-8729-fd9aac885663", Content-Type:"application/json", X-Content-Type-Options:"nosniff", X-XSS-Protection:"0", Cache-Control:"no-cache, no-store, max-age=0, must-revalidate", Pragma:"no-cache", Expires:"0", X-Frame-Options:"DENY"]
     Content type = application/json
             Body = {"id":"3d15dbb0-169b-4aa1-8729-fd9aac885663","description":"MatÚriel informatique fragile","poidsTotal":2.9,"statut":"CREE","priorite":"HAUTE","villeDestination":"Lyon","dateCreation":"2026-01-05T12:22:07.014443","dateDernierStatut":"2026-01-05T12:22:07.014443","clientExpediteurId":"5418d229-3861-4bb0-b66d-52d40506ac54","destinataireId":"493c43be-6b19-4022-bc3a-39ff2e5b694b","livreurId":null,"zoneId":null,"produits":[{"produitId":"8a32dfed-0ae8-4703-9cec-22cb4d7f4a14","quantite":2},{"produitId":"91996370-24a4-46e2-b722-f4ff96d63e76","quantite":1}]}
    Forwarded URL = null
   Redirected URL = /api/v1/colis/3d15dbb0-169b-4aa1-8729-fd9aac885663
          Cookies = []

MockHttpServletRequest:
      HTTP Method = GET
      Request URI = /api/v1/colis/id-inexistant-12345
       Parameters = {}
          Headers = [Accept:"application/json"]
             Body = null
    Session Attrs = {}

Handler:
             Type = com.smartlogi.sdms.controller.ColisController
           Method = com.smartlogi.sdms.controller.ColisController#getColisById(String)

Async:
    Async started = false
     Async result = null

Resolved Exception:
             Type = com.smartlogi.sdms.exception.ResourceNotFoundException

ModelAndView:
        View name = null
             View = null
            Model = null

FlashMap:
       Attributes = null

MockHttpServletResponse:
           Status = 404
    Error message = null
          Headers = [Vary:"Origin", "Access-Control-Request-Method", "Access-Control-Request-Headers", Content-Type:"application/json", X-Content-Type-Options:"nosniff", X-XSS-Protection:"0", Cache-Control:"no-cache, no-store, max-age=0, must-revalidate", Pragma:"no-cache", Expires:"0", X-Frame-Options:"DENY"]
     Content type = application/json
             Body = {"error":"Resource Not Found","message":"Colis non trouvÚ avec l'id : id-inexistant-12345"}
    Forwarded URL = null
   Redirected URL = null
          Cookies = []

MockHttpServletRequest:
      HTTP Method = POST
      Request URI = /api/v1/colis
       Parameters = {}
          Headers = [Content-Type:"application/json;charset=UTF-8", Content-Length:"335"]
             Body = {"id":null,"description":"Colis sans produits","poidsTotal":null,"statut":null,"priorite":"NORMALE","villeDestination":"Paris","dateCreation":null,"dateDernierStatut":null,"clientExpediteurId":"113ff06b-1003-4ad6-b864-5226de5d69bb","destinataireId":"9f1eb900-9378-4a8e-a1eb-5129aeb562ea","livreurId":null,"zoneId":null,"produits":null}
    Session Attrs = {}

Handler:
             Type = com.smartlogi.sdms.controller.ColisController
           Method = com.smartlogi.sdms.controller.ColisController#createColis(ColisDTO)

Async:
    Async started = false
     Async result = null

Resolved Exception:
             Type = org.springframework.web.bind.MethodArgumentNotValidException

ModelAndView:
        View name = null
             View = null
            Model = null

FlashMap:
       Attributes = null

MockHttpServletResponse:
           Status = 400
    Error message = null
          Headers = [Vary:"Origin", "Access-Control-Request-Method", "Access-Control-Request-Headers", Content-Type:"application/json", X-Content-Type-Options:"nosniff", X-XSS-Protection:"0", Cache-Control:"no-cache, no-store, max-age=0, must-revalidate", Pragma:"no-cache", Expires:"0", X-Frame-Options:"DENY"]
     Content type = application/json
             Body = {"error":"Validation Error","message":"Un colis doit contenir au moins un produit"}
    Forwarded URL = null
   Redirected URL = null
          Cookies = []
2026-01-05 12:22:07 [main] INFO  c.s.s.service.impl.ColisServiceImpl - DÚbut de la crÚation de demande de livraison pour le client ID : 1e44bc6a-211f-4395-9066-5a168da85793
2026-01-05 12:22:07 [main] INFO  c.s.s.service.impl.ColisServiceImpl - Colis crÚÚ avec succÞs (2 produits, 5.6 kg)

MockHttpServletRequest:
      HTTP Method = POST
      Request URI = /api/v1/colis
       Parameters = {}
          Headers = [Content-Type:"application/json;charset=UTF-8", Content-Length:"480"]
             Body = {"id":null,"description":"Test calcul automatique du poids","poidsTotal":null,"statut":null,"priorite":"NORMALE","villeDestination":"Bordeaux","dateCreation":null,"dateDernierStatut":null,"clientExpediteurId":"1e44bc6a-211f-4395-9066-5a168da85793","destinataireId":"f73c5527-ad39-4358-955f-3f6319e1e8b8","livreurId":null,"zoneId":null,"produits":[{"produitId":"0a0d44bc-8bed-466f-86c7-2b091cb37180","quantite":2},{"produitId":"00308774-9f7d-4bae-b86e-f4aa50fe9b38","quantite":3}]}
    Session Attrs = {}

Handler:
             Type = com.smartlogi.sdms.controller.ColisController
           Method = com.smartlogi.sdms.controller.ColisController#createColis(ColisDTO)

Async:
    Async started = false
     Async result = null

Resolved Exception:
             Type = null

ModelAndView:
        View name = null
             View = null
            Model = null

FlashMap:
       Attributes = null

MockHttpServletResponse:
           Status = 201
    Error message = null
          Headers = [Vary:"Origin", "Access-Control-Request-Method", "Access-Control-Request-Headers", Location:"/api/v1/colis/da090fe9-b9ff-427c-9025-f896d8cc1589", Content-Type:"application/json", X-Content-Type-Options:"nosniff", X-XSS-Protection:"0", Cache-Control:"no-cache, no-store, max-age=0, must-revalidate", Pragma:"no-cache", Expires:"0", X-Frame-Options:"DENY"]
     Content type = application/json
             Body = {"id":"da090fe9-b9ff-427c-9025-f896d8cc1589","description":"Test calcul automatique du poids","poidsTotal":5.6,"statut":"CREE","priorite":"NORMALE","villeDestination":"Bordeaux","dateCreation":"2026-01-05T12:22:07.686007","dateDernierStatut":"2026-01-05T12:22:07.686007","clientExpediteurId":"1e44bc6a-211f-4395-9066-5a168da85793","destinataireId":"f73c5527-ad39-4358-955f-3f6319e1e8b8","livreurId":null,"zoneId":null,"produits":[{"produitId":"0a0d44bc-8bed-466f-86c7-2b091cb37180","quantite":2},{"produitId":"00308774-9f7d-4bae-b86e-f4aa50fe9b38","quantite":3}]}
    Forwarded URL = null
   Redirected URL = /api/v1/colis/da090fe9-b9ff-427c-9025-f896d8cc1589
          Cookies = []
2026-01-05 12:22:07 [main] INFO  c.s.s.service.impl.ColisServiceImpl - DÚbut de la crÚation de demande de livraison pour le client ID : client-inexistant-999

MockHttpServletRequest:
      HTTP Method = POST
      Request URI = /api/v1/colis
       Parameters = {}
          Headers = [Content-Type:"application/json;charset=UTF-8", Content-Length:"389"]
             Body = {"id":null,"description":"Colis avec client invalide","poidsTotal":null,"statut":null,"priorite":"NORMALE","villeDestination":"Nice","dateCreation":null,"dateDernierStatut":null,"clientExpediteurId":"client-inexistant-999","destinataireId":"446d69e0-723c-406b-929e-1034c7d7ada2","livreurId":null,"zoneId":null,"produits":[{"produitId":"9664302a-c7dd-4d52-99c3-2ee9c5993744","quantite":1}]}
    Session Attrs = {}

Handler:
             Type = com.smartlogi.sdms.controller.ColisController
           Method = com.smartlogi.sdms.controller.ColisController#createColis(ColisDTO)

Async:
    Async started = false
     Async result = null

Resolved Exception:
             Type = com.smartlogi.sdms.exception.ResourceNotFoundException

ModelAndView:
        View name = null
             View = null
            Model = null

FlashMap:
       Attributes = null

MockHttpServletResponse:
           Status = 404
    Error message = null
          Headers = [Vary:"Origin", "Access-Control-Request-Method", "Access-Control-Request-Headers", Content-Type:"application/json", X-Content-Type-Options:"nosniff", X-XSS-Protection:"0", Cache-Control:"no-cache, no-store, max-age=0, must-revalidate", Pragma:"no-cache", Expires:"0", X-Frame-Options:"DENY"]
     Content type = application/json
             Body = {"error":"Resource Not Found","message":"Client ExpÚditeur non trouvÚ avec l'id : client-inexistant-999"}
    Forwarded URL = null
   Redirected URL = null
          Cookies = []
2026-01-05 12:22:07 [main] INFO  c.s.s.service.impl.ColisServiceImpl - DÚbut de la crÚation de demande de livraison pour le client ID : ba2ecad2-547b-42f7-ae4f-e8dd40161c00
2026-01-05 12:22:07 [main] INFO  c.s.s.service.impl.ColisServiceImpl - Colis crÚÚ avec succÞs (2 produits, 8.5 kg)

MockHttpServletRequest:
      HTTP Method = GET
      Request URI = /api/v1/colis/4d46f91b-83d0-44b6-b162-f45fc451bad7
       Parameters = {}
          Headers = [Accept:"application/json"]
             Body = null
    Session Attrs = {}

Handler:
             Type = com.smartlogi.sdms.controller.ColisController
           Method = com.smartlogi.sdms.controller.ColisController#getColisById(String)

Async:
    Async started = false
     Async result = null

Resolved Exception:
             Type = null

ModelAndView:
        View name = null
             View = null
            Model = null

FlashMap:
       Attributes = null

MockHttpServletResponse:
           Status = 200
    Error message = null
          Headers = [Vary:"Origin", "Access-Control-Request-Method", "Access-Control-Request-Headers", Content-Type:"application/json", X-Content-Type-Options:"nosniff", X-XSS-Protection:"0", Cache-Control:"no-cache, no-store, max-age=0, must-revalidate", Pragma:"no-cache", Expires:"0", X-Frame-Options:"DENY"]
     Content type = application/json
             Body = {"id":"4d46f91b-83d0-44b6-b162-f45fc451bad7","description":"Commande e-commerce complÞte","poidsTotal":8.5,"statut":"CREE","priorite":"URGENTE","villeDestination":"Toulouse","dateCreation":"2026-01-05T12:22:07.8600562","dateDernierStatut":"2026-01-05T12:22:07.8600562","clientExpediteurId":"ba2ecad2-547b-42f7-ae4f-e8dd40161c00","destinataireId":"b25e50c0-a391-4def-8765-485b3ae4f56b","livreurId":null,"zoneId":null,"produits":[{"produitId":"367ca259-20c6-44c6-b7ef-aed2f6abe55d","quantite":3},{"produitId":"3a9f7d60-1bbf-446e-a8ef-dac787b3dfe8","quantite":5}]}
    Forwarded URL = null
   Redirected URL = null
          Cookies = []
2026-01-05 12:22:07 [main] INFO  c.s.s.service.impl.ColisServiceImpl - DÚbut de la crÚation de demande de livraison pour le client ID : 606a7162-ba15-45b9-a0a3-16ea67a6d87c
2026-01-05 12:22:07 [main] INFO  c.s.s.service.impl.ColisServiceImpl - Colis crÚÚ avec succÞs (1 produits, 2.5 kg)

MockHttpServletRequest:
      HTTP Method = POST
      Request URI = /api/v1/colis
       Parameters = {}
          Headers = [Content-Type:"application/json;charset=UTF-8", Content-Length:"400"]
             Body = {"id":null,"description":"Test statut automatique","poidsTotal":null,"statut":null,"priorite":"BASSE","villeDestination":"Lille","dateCreation":null,"dateDernierStatut":null,"clientExpediteurId":"606a7162-ba15-45b9-a0a3-16ea67a6d87c","destinataireId":"b4d78156-9f1a-4b99-b183-5172184a6fb2","livreurId":null,"zoneId":null,"produits":[{"produitId":"cdf1016e-e1a0-4ade-94d6-487d1c44c0c5","quantite":1}]}
    Session Attrs = {}

Handler:
             Type = com.smartlogi.sdms.controller.ColisController
           Method = com.smartlogi.sdms.controller.ColisController#createColis(ColisDTO)

Async:
    Async started = false
     Async result = null

Resolved Exception:
             Type = null

ModelAndView:
        View name = null
             View = null
            Model = null

FlashMap:
       Attributes = null

MockHttpServletResponse:
           Status = 201
    Error message = null
          Headers = [Vary:"Origin", "Access-Control-Request-Method", "Access-Control-Request-Headers", Location:"/api/v1/colis/9e8c228e-ecab-4ee2-b7ba-3e354aad9362", Content-Type:"application/json", X-Content-Type-Options:"nosniff", X-XSS-Protection:"0", Cache-Control:"no-cache, no-store, max-age=0, must-revalidate", Pragma:"no-cache", Expires:"0", X-Frame-Options:"DENY"]
     Content type = application/json
             Body = {"id":"9e8c228e-ecab-4ee2-b7ba-3e354aad9362","description":"Test statut automatique","poidsTotal":2.5,"statut":"CREE","priorite":"BASSE","villeDestination":"Lille","dateCreation":"2026-01-05T12:22:07.9663389","dateDernierStatut":"2026-01-05T12:22:07.9663389","clientExpediteurId":"606a7162-ba15-45b9-a0a3-16ea67a6d87c","destinataireId":"b4d78156-9f1a-4b99-b183-5172184a6fb2","livreurId":null,"zoneId":null,"produits":[{"produitId":"cdf1016e-e1a0-4ade-94d6-487d1c44c0c5","quantite":1}]}
    Forwarded URL = null
   Redirected URL = /api/v1/colis/9e8c228e-ecab-4ee2-b7ba-3e354aad9362
          Cookies = []
2026-01-05 12:22:08 [main] INFO  c.s.s.service.impl.ColisServiceImpl - DÚbut de la crÚation de demande de livraison pour le client ID : b89502df-c204-472f-b38c-f0ee400d1a72
2026-01-05 12:22:08 [main] INFO  c.s.s.service.impl.ColisServiceImpl - Colis crÚÚ avec succÞs (1 produits, 5.0 kg)

MockHttpServletRequest:
      HTTP Method = GET
      Request URI = /api/v1/colis/558866ac-7b9b-48c8-932c-e31932246827
       Parameters = {}
          Headers = [Accept:"application/json"]
             Body = null
    Session Attrs = {}

Handler:
             Type = com.smartlogi.sdms.controller.ColisController
           Method = com.smartlogi.sdms.controller.ColisController#getColisById(String)

Async:
    Async started = false
     Async result = null

Resolved Exception:
             Type = null

ModelAndView:
        View name = null
             View = null
            Model = null

FlashMap:
       Attributes = null

MockHttpServletResponse:
           Status = 200
    Error message = null
          Headers = [Vary:"Origin", "Access-Control-Request-Method", "Access-Control-Request-Headers", Content-Type:"application/json", X-Content-Type-Options:"nosniff", X-XSS-Protection:"0", Cache-Control:"no-cache, no-store, max-age=0, must-revalidate", Pragma:"no-cache", Expires:"0", X-Frame-Options:"DENY"]
     Content type = application/json
             Body = {"id":"558866ac-7b9b-48c8-932c-e31932246827","description":"Colis de test pour GET","poidsTotal":5.0,"statut":"CREE","priorite":"NORMALE","villeDestination":"Marseille","dateCreation":"2026-01-05T12:22:08.0519939","dateDernierStatut":"2026-01-05T12:22:08.0519939","clientExpediteurId":"b89502df-c204-472f-b38c-f0ee400d1a72","destinataireId":"5d84e235-befa-4284-994d-b9ba5a8edb82","livreurId":null,"zoneId":null,"produits":[{"produitId":"e2a1cd25-02c6-4c78-8250-bf8f30e6acf0","quantite":2}]}
    Forwarded URL = null
   Redirected URL = null
          Cookies = []
[INFO] Tests run: 8, Failures: 0, Errors: 0, Skipped: 0, Time elapsed: 21.33 s -- in Tests d'IntÚgration REST - ColisController
[INFO] Running Tests d'IntÚgration - Cycle de vie complet d'un Colis

  .   ____          _            __ _ _
 /\\ / ___'_ __ _ _(_)_ __  __ _ \ \ \ \
( ( )\___ | '_ | '_| | '_ \/ _` | \ \ \ \
 \\/  ___)| |_)| | | | | || (_| |  ) ) ) )
  '  |____| .__|_| |_|_| |_\__, | / / / /
 =========|_|==============|___/=/_/_/_/

 :: Spring Boot ::                (v3.5.7)

2026-01-05 12:22:08 [main] INFO  c.s.s.i.ColisLifecycleIntegrationTest - Starting ColisLifecycleIntegrationTest using Java 17.0.12 with PID 22820 (started by Hamza in C:\Users\safiy\Desktop\general\briefs\sdms)
2026-01-05 12:22:08 [main] INFO  c.s.s.i.ColisLifecycleIntegrationTest - The following 1 profile is active: "test"
2026-01-05 12:22:09 [main] WARN  org.hibernate.orm.deprecation - HHH90000025: H2Dialect does not need to be specified explicitly using 'hibernate.dialect' (remove the property setting and it will be selected by default)
2026-01-05 12:22:10 [main] WARN  o.s.s.c.a.a.c.InitializeUserDetailsBeanManagerConfigurer$InitializeUserDetailsManagerConfigurer - Global AuthenticationManager configured with an AuthenticationProvider bean. UserDetailsService beans will not be used by Spring Security for automatically configuring username/password login. Consider removing the AuthenticationProvider bean. Alternatively, consider using the UserDetailsService in a manually instantiated DaoAuthenticationProvider. If the current configuration is intentional, to turn off this warning, increase the logging level of 'org.springframework.security.config.annotation.authentication.configuration.InitializeUserDetailsBeanManagerConfigurer' to ERROR
2026-01-05 12:22:11 [main] WARN  o.s.b.a.o.j.JpaBaseConfiguration$JpaWebConfiguration - spring.jpa.open-in-view is enabled by default. Therefore, database queries may be performed during view rendering. Explicitly configure spring.jpa.open-in-view to disable this warning
2026-01-05 12:22:12 [main] INFO  c.s.s.i.ColisLifecycleIntegrationTest - Started ColisLifecycleIntegrationTest in 4.289 seconds (process running for 65.229)
2026-01-05 12:22:12 [main] INFO  c.s.s.service.impl.ColisServiceImpl - DÚbut de la crÚation de demande de livraison pour le client ID : e3280d2f-f1d1-4e4f-8550-b1bf0b2f3c77
2026-01-05 12:22:12 [main] INFO  c.s.s.service.impl.ColisServiceImpl - Colis crÚÚ avec succÞs (1 produits, 5.0 kg)
2026-01-05 12:22:12 [main] INFO  c.s.s.service.impl.ColisServiceImpl - DÚbut de la crÚation de demande de livraison pour le client ID : e302b792-7927-476d-94eb-d7391037ecc8
2026-01-05 12:22:12 [main] INFO  c.s.s.service.impl.ColisServiceImpl - Colis crÚÚ avec succÞs (1 produits, 2.5 kg)
2026-01-05 12:22:12 [main] INFO  c.s.s.service.impl.ColisServiceImpl - Tentative de mise Ó jour du statut pour colis ID : 4bb260b0-c761-4504-bcb8-27fbff3bdfc9. Nouveau statut : COLLECTE
2026-01-05 12:22:12 [main] INFO  c.s.s.service.impl.ColisServiceImpl - Statut du colis ID 4bb260b0-c761-4504-bcb8-27fbff3bdfc9 mis Ó jour Ó COLLECTE et historique crÚÚ.
2026-01-05 12:22:12 [main] INFO  c.s.s.service.impl.ColisServiceImpl - DÚbut de la crÚation de demande de livraison pour le client ID : 7fbb0c06-a247-4b7a-9547-d8bc7d62a513
2026-01-05 12:22:13 [main] INFO  c.s.s.service.impl.ColisServiceImpl - Colis crÚÚ avec succÞs (1 produits, 7.5 kg)
2026-01-05 12:22:13 [main] INFO  c.s.s.service.impl.ColisServiceImpl - Tentative de mise Ó jour du statut pour colis ID : d7fafe3a-5b03-4f33-b21f-1c8b4ffdc9c9. Nouveau statut : COLLECTE
2026-01-05 12:22:13 [main] INFO  c.s.s.service.impl.ColisServiceImpl - Statut du colis ID d7fafe3a-5b03-4f33-b21f-1c8b4ffdc9c9 mis Ó jour Ó COLLECTE et historique crÚÚ.
2026-01-05 12:22:13 [main] INFO  c.s.s.service.impl.ColisServiceImpl - Tentative de mise Ó jour du statut pour colis ID : d7fafe3a-5b03-4f33-b21f-1c8b4ffdc9c9. Nouveau statut : EN_STOCK
2026-01-05 12:22:13 [main] INFO  c.s.s.service.impl.ColisServiceImpl - Statut du colis ID d7fafe3a-5b03-4f33-b21f-1c8b4ffdc9c9 mis Ó jour Ó EN_STOCK et historique crÚÚ.
2026-01-05 12:22:13 [main] INFO  c.s.s.service.impl.ColisServiceImpl - Tentative de mise Ó jour du statut pour colis ID : d7fafe3a-5b03-4f33-b21f-1c8b4ffdc9c9. Nouveau statut : EN_TRANSIT
2026-01-05 12:22:13 [main] INFO  c.s.s.service.impl.ColisServiceImpl - Statut du colis ID d7fafe3a-5b03-4f33-b21f-1c8b4ffdc9c9 mis Ó jour Ó EN_TRANSIT et historique crÚÚ.
2026-01-05 12:22:13 [main] INFO  c.s.s.service.impl.ColisServiceImpl - Tentative de mise Ó jour du statut pour colis ID : d7fafe3a-5b03-4f33-b21f-1c8b4ffdc9c9. Nouveau statut : LIVRE
2026-01-05 12:22:13 [main] INFO  c.s.s.service.impl.ColisServiceImpl - Statut du colis ID d7fafe3a-5b03-4f33-b21f-1c8b4ffdc9c9 mis Ó jour Ó LIVRE et historique crÚÚ.
2026-01-05 12:22:13 [main] INFO  c.s.s.service.impl.ColisServiceImpl - DÚbut de la crÚation de demande de livraison pour le client ID : d73ddacf-3c02-4a8d-9e49-d4ea2c5c78be
2026-01-05 12:22:13 [main] INFO  c.s.s.service.impl.ColisServiceImpl - Colis crÚÚ avec succÞs (1 produits, 2.5 kg)
2026-01-05 12:22:13 [main] INFO  c.s.s.service.impl.ColisServiceImpl - Tentative de mise Ó jour du statut pour colis ID : 411781d8-2656-4996-b5cc-570c4a517bf2. Nouveau statut : COLLECTE
2026-01-05 12:22:13 [main] INFO  c.s.s.service.impl.ColisServiceImpl - Statut du colis ID 411781d8-2656-4996-b5cc-570c4a517bf2 mis Ó jour Ó COLLECTE et historique crÚÚ.
2026-01-05 12:22:13 [main] INFO  c.s.s.service.impl.ColisServiceImpl - Tentative de mise Ó jour du statut pour colis ID : 411781d8-2656-4996-b5cc-570c4a517bf2. Nouveau statut : EN_STOCK
2026-01-05 12:22:13 [main] INFO  c.s.s.service.impl.ColisServiceImpl - Statut du colis ID 411781d8-2656-4996-b5cc-570c4a517bf2 mis Ó jour Ó EN_STOCK et historique crÚÚ.
2026-01-05 12:22:13 [main] INFO  c.s.s.service.impl.ColisServiceImpl - Tentative d'assignation du colis ID : 411781d8-2656-4996-b5cc-570c4a517bf2 au livreur ID : 69a0fd0b-26ed-41a7-9d05-7896511c24d4
2026-01-05 12:22:13 [main] INFO  c.s.s.service.impl.ColisServiceImpl - Colis ID 411781d8-2656-4996-b5cc-570c4a517bf2 assignÚ avec succÞs au livreur Dupont
2026-01-05 12:22:13 [main] INFO  c.s.s.service.impl.ColisServiceImpl - Tentative de mise Ó jour du statut pour colis ID : 411781d8-2656-4996-b5cc-570c4a517bf2. Nouveau statut : EN_TRANSIT
2026-01-05 12:22:13 [main] INFO  c.s.s.service.impl.ColisServiceImpl - Statut du colis ID 411781d8-2656-4996-b5cc-570c4a517bf2 mis Ó jour Ó EN_TRANSIT et historique crÚÚ.
2026-01-05 12:22:13 [main] INFO  c.s.s.service.impl.ColisServiceImpl - Tentative de mise Ó jour du statut pour colis ID : 411781d8-2656-4996-b5cc-570c4a517bf2. Nouveau statut : LIVRE
2026-01-05 12:22:13 [main] INFO  c.s.s.service.impl.ColisServiceImpl - Statut du colis ID 411781d8-2656-4996-b5cc-570c4a517bf2 mis Ó jour Ó LIVRE et historique crÚÚ.
2026-01-05 12:22:13 [main] INFO  c.s.s.service.impl.ColisServiceImpl - DÚbut de la crÚation de demande de livraison pour le client ID : 87df35d0-d556-4f11-b0ca-e95c231bcbe8
2026-01-05 12:22:13 [main] INFO  c.s.s.service.impl.ColisServiceImpl - Colis crÚÚ avec succÞs (2 produits, 6.5 kg)
[INFO] Tests run: 5, Failures: 0, Errors: 0, Skipped: 0, Time elapsed: 5.260 s -- in Tests d'IntÚgration - Cycle de vie complet d'un Colis
[INFO] Running Tests Unitaires pour ClientExpediteurMapper
[INFO] Tests run: 2, Failures: 0, Errors: 0, Skipped: 0, Time elapsed: 0.009 s -- in Tests Unitaires pour ClientExpediteurMapper
[INFO] Running Tests Unitaires pour ColisMapper

  .   ____          _            __ _ _
 /\\ / ___'_ __ _ _(_)_ __  __ _ \ \ \ \
( ( )\___ | '_ | '_| | '_ \/ _` | \ \ \ \
 \\/  ___)| |_)| | | | | || (_| |  ) ) ) )
  '  |____| .__|_| |_|_| |_\__, | / / / /
 =========|_|==============|___/=/_/_/_/

 :: Spring Boot ::                (v3.5.7)

2026-01-05 12:22:13 [main] INFO  c.s.sdms.mapper.ColisMapperTest - Starting ColisMapperTest using Java 17.0.12 with PID 22820 (started by Hamza in C:\Users\safiy\Desktop\general\briefs\sdms)
2026-01-05 12:22:13 [main] INFO  c.s.sdms.mapper.ColisMapperTest - No active profile set, falling back to 1 default profile: "default"
2026-01-05 12:22:22 [main] WARN  o.s.s.c.a.a.c.InitializeUserDetailsBeanManagerConfigurer$InitializeUserDetailsManagerConfigurer - Global AuthenticationManager configured with an AuthenticationProvider bean. UserDetailsService beans will not be used by Spring Security for automatically configuring username/password login. Consider removing the AuthenticationProvider bean. Alternatively, consider using the UserDetailsService in a manually instantiated DaoAuthenticationProvider. If the current configuration is intentional, to turn off this warning, increase the logging level of 'org.springframework.security.config.annotation.authentication.configuration.InitializeUserDetailsBeanManagerConfigurer' to ERROR
2026-01-05 12:22:22 [main] WARN  o.s.b.a.o.j.JpaBaseConfiguration$JpaWebConfiguration - spring.jpa.open-in-view is enabled by default. Therefore, database queries may be performed during view rendering. Explicitly configure spring.jpa.open-in-view to disable this warning
2026-01-05 12:22:23 [main] INFO  c.s.sdms.mapper.ColisMapperTest - Started ColisMapperTest in 10.018 seconds (process running for 76.257)
[INFO] Tests run: 12, Failures: 0, Errors: 0, Skipped: 0, Time elapsed: 10.19 s -- in Tests Unitaires pour ColisMapper
[INFO] Running Tests Unitaires pour ColisProduitMapper
[INFO] Tests run: 2, Failures: 0, Errors: 0, Skipped: 0, Time elapsed: 0.007 s -- in Tests Unitaires pour ColisProduitMapper
[INFO] Running Tests Unitaires pour HistoriqueLivraisonMapper
[INFO] Tests run: 3, Failures: 0, Errors: 0, Skipped: 0, Time elapsed: 0.017 s -- in Tests Unitaires pour HistoriqueLivraisonMapper
[INFO] Running Tests Unitaires pour LivreurMapper
[INFO] Tests run: 3, Failures: 0, Errors: 0, Skipped: 0, Time elapsed: 0.014 s -- in Tests Unitaires pour LivreurMapper
[INFO] Running Tests Unitaires pour ProduitMapper
[INFO] Tests run: 2, Failures: 0, Errors: 0, Skipped: 0, Time elapsed: 0.014 s -- in Tests Unitaires pour ProduitMapper
[INFO] Running Tests Unitaires pour ZoneMapper
[INFO] Tests run: 2, Failures: 0, Errors: 0, Skipped: 0, Time elapsed: 0.005 s -- in Tests Unitaires pour ZoneMapper
[INFO] Running com.smartlogi.sdms.security.AuthenticationIntegrationTest
[INFO] Running Tests de validation de token
2026-01-05 12:22:24 [main] INFO  c.s.sdms.controller.AuthController - Connexion rÚussie pour l'utilisateur: test-manager@smartlogi.com
2026-01-05 12:22:24 [main] ERROR c.s.s.c.security.JwtTokenProvider - Token JWT malformÚ: Malformed JWT JSON: ?{?'
2026-01-05 12:22:24 [main] ERROR c.s.s.c.security.JwtTokenProvider - Token JWT malformÚ: Malformed JWT JSON: ?{?'
[INFO] Tests run: 2, Failures: 0, Errors: 0, Skipped: 0, Time elapsed: 1.042 s -- in Tests de validation de token
[INFO] Running Tests du endpoint /auth/me
2026-01-05 12:22:25 [main] INFO  c.s.sdms.controller.AuthController - Connexion rÚussie pour l'utilisateur: test-manager@smartlogi.com

MockHttpServletRequest:
      HTTP Method = POST
      Request URI = /auth/login
       Parameters = {}
          Headers = [Content-Type:"application/json;charset=UTF-8", Content-Length:"63"]
             Body = {"email":"test-manager@smartlogi.com","password":"password123"}
    Session Attrs = {}

Handler:
             Type = com.smartlogi.sdms.controller.AuthController
           Method = com.smartlogi.sdms.controller.AuthController#login(LoginRequest)

Async:
    Async started = false
     Async result = null

Resolved Exception:
             Type = null

ModelAndView:
        View name = null
             View = null
            Model = null

FlashMap:
       Attributes = null

MockHttpServletResponse:
           Status = 200
    Error message = null
          Headers = [Vary:"Origin", "Access-Control-Request-Method", "Access-Control-Request-Headers", Content-Type:"application/json", X-Content-Type-Options:"nosniff", X-XSS-Protection:"0", Cache-Control:"no-cache, no-store, max-age=0, must-revalidate", Pragma:"no-cache", Expires:"0", X-Frame-Options:"DENY"]
     Content type = application/json
             Body = {"token":"eyJhbGciOiJIUzI1NiJ9.eyJzdWIiOiJ0ZXN0LW1hbmFnZXJAc21hcnRsb2dpLmNvbSIsInVzZXJJZCI6ImU1ZDA0OTY3LTU3NDYtNDljZC04MmNhLTY1MDBjNDFlOTJjZCIsInJvbGVzIjoiUk9MRV9DTElFTlQiLCJub20iOiJUZXN0IiwicHJlbm9tIjoiTWFuYWdlciIsImlhdCI6MTc2NzYxMjE0NSwiZXhwIjoxNzY3NjE1NzQ1fQ.oH0KPAci0uJBCPR4xwrL0XBT3oXtuGrphI7RTiObS3o","type":"Bearer","expiresIn":3600000,"userId":"e5d04967-5746-49cd-82ca-6500c41e92cd","email":"test-manager@smartlogi.com","nom":"Test","prenom":"Manager","role":null}
    Forwarded URL = null
   Redirected URL = null
          Cookies = []
[ERROR] Tests run: 2, Failures: 0, Errors: 2, Skipped: 0, Time elapsed: 0.507 s <<< FAILURE! -- in Tests du endpoint /auth/me
[ERROR] com.smartlogi.sdms.security.AuthenticationIntegrationTest.getCurrentUser_WithoutToken_Returns401 -- Time elapsed: 0.152 s <<< ERROR!
jakarta.servlet.ServletException: Request processing failed: java.lang.ClassCastException: class java.lang.String cannot be cast to class com.smartlogi.sdms.config.security.CustomUserDetails (java.lang.String is in module java.base of loader 'bootstrap'; com.smartlogi.sdms.config.security.CustomUserDetails is in unnamed module of loader 'app')
	at org.springframework.web.servlet.FrameworkServlet.processRequest(FrameworkServlet.java:1022)
	at org.springframework.web.servlet.FrameworkServlet.doGet(FrameworkServlet.java:903)
	at jakarta.servlet.http.HttpServlet.service(HttpServlet.java:564)
	at org.springframework.web.servlet.FrameworkServlet.service(FrameworkServlet.java:885)
	at org.springframework.test.web.servlet.TestDispatcherServlet.service(TestDispatcherServlet.java:72)
	at jakarta.servlet.http.HttpServlet.service(HttpServlet.java:658)
	at org.springframework.mock.web.MockFilterChain$ServletFilterProxy.doFilter(MockFilterChain.java:165)
	at org.springframework.mock.web.MockFilterChain.doFilter(MockFilterChain.java:132)
	at org.springframework.web.filter.OncePerRequestFilter.doFilter(OncePerRequestFilter.java:110)
	at org.springframework.test.web.servlet.setup.MockMvcFilterDecorator.doFilter(MockMvcFilterDecorator.java:162)
	at org.springframework.mock.web.MockFilterChain.doFilter(MockFilterChain.java:132)
	at org.springframework.web.filter.CompositeFilter$VirtualFilterChain.doFilter(CompositeFilter.java:108)
	at org.springframework.web.filter.CompositeFilter$VirtualFilterChain.doFilter(CompositeFilter.java:108)
	at org.springframework.security.web.FilterChainProxy.lambda$doFilterInternal$3(FilterChainProxy.java:231)
	at org.springframework.security.web.FilterChainProxy$VirtualFilterChain.doFilter(FilterChainProxy.java:365)
	at org.springframework.security.web.access.intercept.AuthorizationFilter.doFilter(AuthorizationFilter.java:101)
	at org.springframework.security.web.FilterChainProxy$VirtualFilterChain.doFilter(FilterChainProxy.java:374)
	at org.springframework.security.web.access.ExceptionTranslationFilter.doFilter(ExceptionTranslationFilter.java:125)
	at org.springframework.security.web.access.ExceptionTranslationFilter.doFilter(ExceptionTranslationFilter.java:119)
	at org.springframework.security.web.FilterChainProxy$VirtualFilterChain.doFilter(FilterChainProxy.java:374)
	at org.springframework.security.web.session.SessionManagementFilter.doFilter(SessionManagementFilter.java:131)
	at org.springframework.security.web.session.SessionManagementFilter.doFilter(SessionManagementFilter.java:85)
	at org.springframework.security.web.FilterChainProxy$VirtualFilterChain.doFilter(FilterChainProxy.java:374)
	at org.springframework.security.web.authentication.AnonymousAuthenticationFilter.doFilter(AnonymousAuthenticationFilter.java:100)
	at org.springframework.security.web.FilterChainProxy$VirtualFilterChain.doFilter(FilterChainProxy.java:374)
	at org.springframework.security.web.servletapi.SecurityContextHolderAwareRequestFilter.doFilter(SecurityContextHolderAwareRequestFilter.java:179)
	at org.springframework.security.web.FilterChainProxy$VirtualFilterChain.doFilter(FilterChainProxy.java:374)
	at org.springframework.security.web.savedrequest.RequestCacheAwareFilter.doFilter(RequestCacheAwareFilter.java:63)
	at org.springframework.security.web.FilterChainProxy$VirtualFilterChain.doFilter(FilterChainProxy.java:374)
	at com.smartlogi.sdms.config.security.JwtAuthenticationFilter.doFilterInternal(JwtAuthenticationFilter.java:66)
	at org.springframework.web.filter.OncePerRequestFilter.doFilter(OncePerRequestFilter.java:116)
	at org.springframework.security.web.FilterChainProxy$VirtualFilterChain.doFilter(FilterChainProxy.java:374)
	at org.springframework.security.web.authentication.AbstractAuthenticationProcessingFilter.doFilter(AbstractAuthenticationProcessingFilter.java:235)
	at org.springframework.security.web.authentication.AbstractAuthenticationProcessingFilter.doFilter(AbstractAuthenticationProcessingFilter.java:229)
	at org.springframework.security.web.FilterChainProxy$VirtualFilterChain.doFilter(FilterChainProxy.java:374)
	at org.springframework.security.oauth2.client.web.OAuth2AuthorizationRequestRedirectFilter.doFilterInternal(OAuth2AuthorizationRequestRedirectFilter.java:198)
	at org.springframework.web.filter.OncePerRequestFilter.doFilter(OncePerRequestFilter.java:116)
	at org.springframework.security.web.FilterChainProxy$VirtualFilterChain.doFilter(FilterChainProxy.java:374)
	at org.springframework.security.web.authentication.logout.LogoutFilter.doFilter(LogoutFilter.java:107)
	at org.springframework.security.web.authentication.logout.LogoutFilter.doFilter(LogoutFilter.java:93)
	at org.springframework.security.web.FilterChainProxy$VirtualFilterChain.doFilter(FilterChainProxy.java:374)
	at org.springframework.web.filter.CorsFilter.doFilterInternal(CorsFilter.java:91)
	at org.springframework.web.filter.OncePerRequestFilter.doFilter(OncePerRequestFilter.java:116)
	at org.springframework.security.web.FilterChainProxy$VirtualFilterChain.doFilter(FilterChainProxy.java:374)
	at org.springframework.security.web.header.HeaderWriterFilter.doHeadersAfter(HeaderWriterFilter.java:90)
	at org.springframework.security.web.header.HeaderWriterFilter.doFilterInternal(HeaderWriterFilter.java:75)
	at org.springframework.web.filter.OncePerRequestFilter.doFilter(OncePerRequestFilter.java:116)
	at org.springframework.security.web.FilterChainProxy$VirtualFilterChain.doFilter(FilterChainProxy.java:374)
	at org.springframework.security.web.context.SecurityContextHolderFilter.doFilter(SecurityContextHolderFilter.java:82)
	at org.springframework.security.web.context.SecurityContextHolderFilter.doFilter(SecurityContextHolderFilter.java:69)
	at org.springframework.security.web.FilterChainProxy$VirtualFilterChain.doFilter(FilterChainProxy.java:374)
	at org.springframework.security.web.context.request.async.WebAsyncManagerIntegrationFilter.doFilterInternal(WebAsyncManagerIntegrationFilter.java:62)
	at org.springframework.web.filter.OncePerRequestFilter.doFilter(OncePerRequestFilter.java:116)
	at org.springframework.security.web.FilterChainProxy$VirtualFilterChain.doFilter(FilterChainProxy.java:374)
	at org.springframework.security.web.session.DisableEncodeUrlFilter.doFilterInternal(DisableEncodeUrlFilter.java:42)
	at org.springframework.web.filter.OncePerRequestFilter.doFilter(OncePerRequestFilter.java:116)
	at org.springframework.security.web.FilterChainProxy$VirtualFilterChain.doFilter(FilterChainProxy.java:374)
	at org.springframework.security.web.FilterChainProxy.doFilterInternal(FilterChainProxy.java:233)
	at org.springframework.security.web.FilterChainProxy.doFilter(FilterChainProxy.java:191)
	at org.springframework.web.filter.CompositeFilter$VirtualFilterChain.doFilter(CompositeFilter.java:113)
	at org.springframework.web.filter.ServletRequestPathFilter.doFilter(ServletRequestPathFilter.java:52)
	at org.springframework.web.filter.CompositeFilter$VirtualFilterChain.doFilter(CompositeFilter.java:113)
	at org.springframework.web.filter.CompositeFilter.doFilter(CompositeFilter.java:74)
	at org.springframework.security.config.annotation.web.configuration.WebSecurityConfiguration$CompositeFilterChainProxy.doFilter(WebSecurityConfiguration.java:319)
	at org.springframework.web.filter.CompositeFilter$VirtualFilterChain.doFilter(CompositeFilter.java:113)
	at org.springframework.web.servlet.handler.HandlerMappingIntrospector.lambda$createCacheFilter$4(HandlerMappingIntrospector.java:267)
	at org.springframework.web.filter.CompositeFilter$VirtualFilterChain.doFilter(CompositeFilter.java:113)
	at org.springframework.web.filter.CompositeFilter.doFilter(CompositeFilter.java:74)
	at org.springframework.security.config.annotation.web.configuration.WebMvcSecurityConfiguration$CompositeFilterChainProxy.doFilter(WebMvcSecurityConfiguration.java:240)
	at org.springframework.web.filter.DelegatingFilterProxy.invokeDelegate(DelegatingFilterProxy.java:362)
	at org.springframework.web.filter.DelegatingFilterProxy.doFilter(DelegatingFilterProxy.java:278)
	at org.springframework.test.web.servlet.setup.MockMvcFilterDecorator.doFilter(MockMvcFilterDecorator.java:162)
	at org.springframework.mock.web.MockFilterChain.doFilter(MockFilterChain.java:132)
	at org.springframework.web.filter.RequestContextFilter.doFilterInternal(RequestContextFilter.java:100)
	at org.springframework.web.filter.OncePerRequestFilter.doFilter(OncePerRequestFilter.java:116)
	at org.springframework.test.web.servlet.setup.MockMvcFilterDecorator.doFilter(MockMvcFilterDecorator.java:162)
	at org.springframework.mock.web.MockFilterChain.doFilter(MockFilterChain.java:132)
	at org.springframework.web.filter.FormContentFilter.doFilterInternal(FormContentFilter.java:93)
	at org.springframework.web.filter.OncePerRequestFilter.doFilter(OncePerRequestFilter.java:116)
	at org.springframework.test.web.servlet.setup.MockMvcFilterDecorator.doFilter(MockMvcFilterDecorator.java:162)
	at org.springframework.mock.web.MockFilterChain.doFilter(MockFilterChain.java:132)
	at org.springframework.web.filter.CharacterEncodingFilter.doFilterInternal(CharacterEncodingFilter.java:201)
	at org.springframework.web.filter.OncePerRequestFilter.doFilter(OncePerRequestFilter.java:116)
	at org.springframework.test.web.servlet.setup.MockMvcFilterDecorator.doFilter(MockMvcFilterDecorator.java:162)
	at org.springframework.mock.web.MockFilterChain.doFilter(MockFilterChain.java:132)
	at org.springframework.test.web.servlet.MockMvc.perform(MockMvc.java:201)
	at com.smartlogi.sdms.security.AuthenticationIntegrationTest$CurrentUserTests.getCurrentUser_WithoutToken_Returns401(AuthenticationIntegrationTest.java:178)
	at java.base/java.lang.reflect.Method.invoke(Method.java:568)
	at java.base/java.util.ArrayList.forEach(ArrayList.java:1511)
	at java.base/java.util.ArrayList.forEach(ArrayList.java:1511)
	at java.base/java.util.ArrayList.forEach(ArrayList.java:1511)
Caused by: java.lang.ClassCastException: class java.lang.String cannot be cast to class com.smartlogi.sdms.config.security.CustomUserDetails (java.lang.String is in module java.base of loader 'bootstrap'; com.smartlogi.sdms.config.security.CustomUserDetails is in unnamed module of loader 'app')
	at com.smartlogi.sdms.controller.AuthController.getCurrentUser(AuthController.java:145)
	at java.base/jdk.internal.reflect.NativeMethodAccessorImpl.invoke0(Native Method)
	at java.base/jdk.internal.reflect.NativeMethodAccessorImpl.invoke(NativeMethodAccessorImpl.java:77)
	at java.base/jdk.internal.reflect.DelegatingMethodAccessorImpl.invoke(DelegatingMethodAccessorImpl.java:43)
	at java.base/java.lang.reflect.Method.invoke(Method.java:568)
	at org.springframework.web.method.support.InvocableHandlerMethod.doInvoke(InvocableHandlerMethod.java:258)
	at org.springframework.web.method.support.InvocableHandlerMethod.invokeForRequest(InvocableHandlerMethod.java:191)
	at org.springframework.web.servlet.mvc.method.annotation.ServletInvocableHandlerMethod.invokeAndHandle(ServletInvocableHandlerMethod.java:118)
	at org.springframework.web.servlet.mvc.method.annotation.RequestMappingHandlerAdapter.invokeHandlerMethod(RequestMappingHandlerAdapter.java:991)
	at org.springframework.web.servlet.mvc.method.annotation.RequestMappingHandlerAdapter.handleInternal(RequestMappingHandlerAdapter.java:896)
	at org.springframework.web.servlet.mvc.method.AbstractHandlerMethodAdapter.handle(AbstractHandlerMethodAdapter.java:87)
	at org.springframework.web.servlet.DispatcherServlet.doDispatch(DispatcherServlet.java:1089)
	at org.springframework.web.servlet.DispatcherServlet.doService(DispatcherServlet.java:979)
	at org.springframework.web.servlet.FrameworkServlet.processRequest(FrameworkServlet.java:1014)
	... 90 more

[ERROR] com.smartlogi.sdms.security.AuthenticationIntegrationTest.getCurrentUser_WithValidToken_ReturnsUserInfo -- Time elapsed: 0.329 s <<< ERROR!
jakarta.servlet.ServletException: Request processing failed: java.lang.NullPointerException
	at org.springframework.web.servlet.FrameworkServlet.processRequest(FrameworkServlet.java:1022)
	at org.springframework.web.servlet.FrameworkServlet.doGet(FrameworkServlet.java:903)
	at jakarta.servlet.http.HttpServlet.service(HttpServlet.java:564)
	at org.springframework.web.servlet.FrameworkServlet.service(FrameworkServlet.java:885)
	at org.springframework.test.web.servlet.TestDispatcherServlet.service(TestDispatcherServlet.java:72)
	at jakarta.servlet.http.HttpServlet.service(HttpServlet.java:658)
	at org.springframework.mock.web.MockFilterChain$ServletFilterProxy.doFilter(MockFilterChain.java:165)
	at org.springframework.mock.web.MockFilterChain.doFilter(MockFilterChain.java:132)
	at org.springframework.web.filter.OncePerRequestFilter.doFilter(OncePerRequestFilter.java:110)
	at org.springframework.test.web.servlet.setup.MockMvcFilterDecorator.doFilter(MockMvcFilterDecorator.java:162)
	at org.springframework.mock.web.MockFilterChain.doFilter(MockFilterChain.java:132)
	at org.springframework.web.filter.CompositeFilter$VirtualFilterChain.doFilter(CompositeFilter.java:108)
	at org.springframework.web.filter.CompositeFilter$VirtualFilterChain.doFilter(CompositeFilter.java:108)
	at org.springframework.security.web.FilterChainProxy.lambda$doFilterInternal$3(FilterChainProxy.java:231)
	at org.springframework.security.web.FilterChainProxy$VirtualFilterChain.doFilter(FilterChainProxy.java:365)
	at org.springframework.security.web.access.intercept.AuthorizationFilter.doFilter(AuthorizationFilter.java:101)
	at org.springframework.security.web.FilterChainProxy$VirtualFilterChain.doFilter(FilterChainProxy.java:374)
	at org.springframework.security.web.access.ExceptionTranslationFilter.doFilter(ExceptionTranslationFilter.java:125)
	at org.springframework.security.web.access.ExceptionTranslationFilter.doFilter(ExceptionTranslationFilter.java:119)
	at org.springframework.security.web.FilterChainProxy$VirtualFilterChain.doFilter(FilterChainProxy.java:374)
	at org.springframework.security.web.session.SessionManagementFilter.doFilter(SessionManagementFilter.java:131)
	at org.springframework.security.web.session.SessionManagementFilter.doFilter(SessionManagementFilter.java:85)
	at org.springframework.security.web.FilterChainProxy$VirtualFilterChain.doFilter(FilterChainProxy.java:374)
	at org.springframework.security.web.authentication.AnonymousAuthenticationFilter.doFilter(AnonymousAuthenticationFilter.java:100)
	at org.springframework.security.web.FilterChainProxy$VirtualFilterChain.doFilter(FilterChainProxy.java:374)
	at org.springframework.security.web.servletapi.SecurityContextHolderAwareRequestFilter.doFilter(SecurityContextHolderAwareRequestFilter.java:179)
	at org.springframework.security.web.FilterChainProxy$VirtualFilterChain.doFilter(FilterChainProxy.java:374)
	at org.springframework.security.web.savedrequest.RequestCacheAwareFilter.doFilter(RequestCacheAwareFilter.java:63)
	at org.springframework.security.web.FilterChainProxy$VirtualFilterChain.doFilter(FilterChainProxy.java:374)
	at com.smartlogi.sdms.config.security.JwtAuthenticationFilter.doFilterInternal(JwtAuthenticationFilter.java:66)
	at org.springframework.web.filter.OncePerRequestFilter.doFilter(OncePerRequestFilter.java:116)
	at org.springframework.security.web.FilterChainProxy$VirtualFilterChain.doFilter(FilterChainProxy.java:374)
	at org.springframework.security.web.authentication.AbstractAuthenticationProcessingFilter.doFilter(AbstractAuthenticationProcessingFilter.java:235)
	at org.springframework.security.web.authentication.AbstractAuthenticationProcessingFilter.doFilter(AbstractAuthenticationProcessingFilter.java:229)
	at org.springframework.security.web.FilterChainProxy$VirtualFilterChain.doFilter(FilterChainProxy.java:374)
	at org.springframework.security.oauth2.client.web.OAuth2AuthorizationRequestRedirectFilter.doFilterInternal(OAuth2AuthorizationRequestRedirectFilter.java:198)
	at org.springframework.web.filter.OncePerRequestFilter.doFilter(OncePerRequestFilter.java:116)
	at org.springframework.security.web.FilterChainProxy$VirtualFilterChain.doFilter(FilterChainProxy.java:374)
	at org.springframework.security.web.authentication.logout.LogoutFilter.doFilter(LogoutFilter.java:107)
	at org.springframework.security.web.authentication.logout.LogoutFilter.doFilter(LogoutFilter.java:93)
	at org.springframework.security.web.FilterChainProxy$VirtualFilterChain.doFilter(FilterChainProxy.java:374)
	at org.springframework.web.filter.CorsFilter.doFilterInternal(CorsFilter.java:91)
	at org.springframework.web.filter.OncePerRequestFilter.doFilter(OncePerRequestFilter.java:116)
	at org.springframework.security.web.FilterChainProxy$VirtualFilterChain.doFilter(FilterChainProxy.java:374)
	at org.springframework.security.web.header.HeaderWriterFilter.doHeadersAfter(HeaderWriterFilter.java:90)
	at org.springframework.security.web.header.HeaderWriterFilter.doFilterInternal(HeaderWriterFilter.java:75)
	at org.springframework.web.filter.OncePerRequestFilter.doFilter(OncePerRequestFilter.java:116)
	at org.springframework.security.web.FilterChainProxy$VirtualFilterChain.doFilter(FilterChainProxy.java:374)
	at org.springframework.security.web.context.SecurityContextHolderFilter.doFilter(SecurityContextHolderFilter.java:82)
	at org.springframework.security.web.context.SecurityContextHolderFilter.doFilter(SecurityContextHolderFilter.java:69)
	at org.springframework.security.web.FilterChainProxy$VirtualFilterChain.doFilter(FilterChainProxy.java:374)
	at org.springframework.security.web.context.request.async.WebAsyncManagerIntegrationFilter.doFilterInternal(WebAsyncManagerIntegrationFilter.java:62)
	at org.springframework.web.filter.OncePerRequestFilter.doFilter(OncePerRequestFilter.java:116)
	at org.springframework.security.web.FilterChainProxy$VirtualFilterChain.doFilter(FilterChainProxy.java:374)
	at org.springframework.security.web.session.DisableEncodeUrlFilter.doFilterInternal(DisableEncodeUrlFilter.java:42)
	at org.springframework.web.filter.OncePerRequestFilter.doFilter(OncePerRequestFilter.java:116)
	at org.springframework.security.web.FilterChainProxy$VirtualFilterChain.doFilter(FilterChainProxy.java:374)
	at org.springframework.security.web.FilterChainProxy.doFilterInternal(FilterChainProxy.java:233)
	at org.springframework.security.web.FilterChainProxy.doFilter(FilterChainProxy.java:191)
	at org.springframework.web.filter.CompositeFilter$VirtualFilterChain.doFilter(CompositeFilter.java:113)
	at org.springframework.web.filter.ServletRequestPathFilter.doFilter(ServletRequestPathFilter.java:52)
	at org.springframework.web.filter.CompositeFilter$VirtualFilterChain.doFilter(CompositeFilter.java:113)
	at org.springframework.web.filter.CompositeFilter.doFilter(CompositeFilter.java:74)
	at org.springframework.security.config.annotation.web.configuration.WebSecurityConfiguration$CompositeFilterChainProxy.doFilter(WebSecurityConfiguration.java:319)
	at org.springframework.web.filter.CompositeFilter$VirtualFilterChain.doFilter(CompositeFilter.java:113)
	at org.springframework.web.servlet.handler.HandlerMappingIntrospector.lambda$createCacheFilter$4(HandlerMappingIntrospector.java:267)
	at org.springframework.web.filter.CompositeFilter$VirtualFilterChain.doFilter(CompositeFilter.java:113)
	at org.springframework.web.filter.CompositeFilter.doFilter(CompositeFilter.java:74)
	at org.springframework.security.config.annotation.web.configuration.WebMvcSecurityConfiguration$CompositeFilterChainProxy.doFilter(WebMvcSecurityConfiguration.java:240)
	at org.springframework.web.filter.DelegatingFilterProxy.invokeDelegate(DelegatingFilterProxy.java:362)
	at org.springframework.web.filter.DelegatingFilterProxy.doFilter(DelegatingFilterProxy.java:278)
	at org.springframework.test.web.servlet.setup.MockMvcFilterDecorator.doFilter(MockMvcFilterDecorator.java:162)
	at org.springframework.mock.web.MockFilterChain.doFilter(MockFilterChain.java:132)
	at org.springframework.web.filter.RequestContextFilter.doFilterInternal(RequestContextFilter.java:100)
	at org.springframework.web.filter.OncePerRequestFilter.doFilter(OncePerRequestFilter.java:116)
	at org.springframework.test.web.servlet.setup.MockMvcFilterDecorator.doFilter(MockMvcFilterDecorator.java:162)
	at org.springframework.mock.web.MockFilterChain.doFilter(MockFilterChain.java:132)
	at org.springframework.web.filter.FormContentFilter.doFilterInternal(FormContentFilter.java:93)
	at org.springframework.web.filter.OncePerRequestFilter.doFilter(OncePerRequestFilter.java:116)
	at org.springframework.test.web.servlet.setup.MockMvcFilterDecorator.doFilter(MockMvcFilterDecorator.java:162)
	at org.springframework.mock.web.MockFilterChain.doFilter(MockFilterChain.java:132)
	at org.springframework.web.filter.CharacterEncodingFilter.doFilterInternal(CharacterEncodingFilter.java:201)
	at org.springframework.web.filter.OncePerRequestFilter.doFilter(OncePerRequestFilter.java:116)
	at org.springframework.test.web.servlet.setup.MockMvcFilterDecorator.doFilter(MockMvcFilterDecorator.java:162)
	at org.springframework.mock.web.MockFilterChain.doFilter(MockFilterChain.java:132)
	at org.springframework.test.web.servlet.MockMvc.perform(MockMvc.java:201)
	at com.smartlogi.sdms.security.AuthenticationIntegrationTest$CurrentUserTests.getCurrentUser_WithValidToken_ReturnsUserInfo(AuthenticationIntegrationTest.java:166)
	at java.base/java.lang.reflect.Method.invoke(Method.java:568)
	at java.base/java.util.ArrayList.forEach(ArrayList.java:1511)
	at java.base/java.util.ArrayList.forEach(ArrayList.java:1511)
	at java.base/java.util.ArrayList.forEach(ArrayList.java:1511)
Caused by: java.lang.NullPointerException
	at java.base/java.util.Objects.requireNonNull(Objects.java:208)
	at java.base/java.util.ImmutableCollections$MapN.<init>(ImmutableCollections.java:1186)
	at java.base/java.util.Map.of(Map.java:1445)
	at com.smartlogi.sdms.controller.AuthController.getCurrentUser(AuthController.java:147)
	at java.base/jdk.internal.reflect.NativeMethodAccessorImpl.invoke0(Native Method)
	at java.base/jdk.internal.reflect.NativeMethodAccessorImpl.invoke(NativeMethodAccessorImpl.java:77)
	at java.base/jdk.internal.reflect.DelegatingMethodAccessorImpl.invoke(DelegatingMethodAccessorImpl.java:43)
	at java.base/java.lang.reflect.Method.invoke(Method.java:568)
	at org.springframework.web.method.support.InvocableHandlerMethod.doInvoke(InvocableHandlerMethod.java:258)
	at org.springframework.web.method.support.InvocableHandlerMethod.invokeForRequest(InvocableHandlerMethod.java:191)
	at org.springframework.web.servlet.mvc.method.annotation.ServletInvocableHandlerMethod.invokeAndHandle(ServletInvocableHandlerMethod.java:118)
	at org.springframework.web.servlet.mvc.method.annotation.RequestMappingHandlerAdapter.invokeHandlerMethod(RequestMappingHandlerAdapter.java:991)
	at org.springframework.web.servlet.mvc.method.annotation.RequestMappingHandlerAdapter.handleInternal(RequestMappingHandlerAdapter.java:896)
	at org.springframework.web.servlet.mvc.method.AbstractHandlerMethodAdapter.handle(AbstractHandlerMethodAdapter.java:87)
	at org.springframework.web.servlet.DispatcherServlet.doDispatch(DispatcherServlet.java:1089)
	at org.springframework.web.servlet.DispatcherServlet.doService(DispatcherServlet.java:979)
	at org.springframework.web.servlet.FrameworkServlet.processRequest(FrameworkServlet.java:1014)
	... 90 more

[INFO] Running Tests d'accÞs aux endpoints protÚgÚs
2026-01-05 12:22:25 [main] ERROR c.s.s.c.s.JwtAuthenticationEntryPoint - Erreur d'authentification: Full authentication is required to access this resource - URI: /api/v1/colis
2026-01-05 12:22:25 [main] INFO  c.s.sdms.controller.AuthController - Connexion rÚussie pour l'utilisateur: test-manager@smartlogi.com
2026-01-05 12:22:25 [main] ERROR c.s.s.c.s.CustomAccessDeniedHandler - AccÞs refusÚ: Access Denied - URI: /api/v1/colis

MockHttpServletRequest:
      HTTP Method = POST
      Request URI = /auth/login
       Parameters = {}
          Headers = [Content-Type:"application/json;charset=UTF-8", Content-Length:"63"]
             Body = {"email":"test-manager@smartlogi.com","password":"password123"}
    Session Attrs = {}

Handler:
             Type = com.smartlogi.sdms.controller.AuthController
           Method = com.smartlogi.sdms.controller.AuthController#login(LoginRequest)

Async:
    Async started = false
     Async result = null

Resolved Exception:
             Type = null

ModelAndView:
        View name = null
             View = null
            Model = null

FlashMap:
       Attributes = null

MockHttpServletResponse:
           Status = 200
    Error message = null
          Headers = [Vary:"Origin", "Access-Control-Request-Method", "Access-Control-Request-Headers", Content-Type:"application/json", X-Content-Type-Options:"nosniff", X-XSS-Protection:"0", Cache-Control:"no-cache, no-store, max-age=0, must-revalidate", Pragma:"no-cache", Expires:"0", X-Frame-Options:"DENY"]
     Content type = application/json
             Body = {"token":"eyJhbGciOiJIUzI1NiJ9.eyJzdWIiOiJ0ZXN0LW1hbmFnZXJAc21hcnRsb2dpLmNvbSIsInVzZXJJZCI6IjE0MzI0NmY5LTIxYWEtNDlkYy1iYTUwLTIyMTEzYjRkZDk4ZiIsInJvbGVzIjoiUk9MRV9DTElFTlQiLCJub20iOiJUZXN0IiwicHJlbm9tIjoiTWFuYWdlciIsImlhdCI6MTc2NzYxMjE0NSwiZXhwIjoxNzY3NjE1NzQ1fQ.H2-XJ-VL_VjpVdMVe7B3D3s-jGVaEWCiYS4OrlWJ6YY","type":"Bearer","expiresIn":3600000,"userId":"143246f9-21aa-49dc-ba50-22113b4dd98f","email":"test-manager@smartlogi.com","nom":"Test","prenom":"Manager","role":null}
    Forwarded URL = null
   Redirected URL = null
          Cookies = []

MockHttpServletRequest:
      HTTP Method = GET
      Request URI = /api/v1/colis
       Parameters = {}
          Headers = [Authorization:"Bearer eyJhbGciOiJIUzI1NiJ9.eyJzdWIiOiJ0ZXN0LW1hbmFnZXJAc21hcnRsb2dpLmNvbSIsInVzZXJJZCI6IjE0MzI0NmY5LTIxYWEtNDlkYy1iYTUwLTIyMTEzYjRkZDk4ZiIsInJvbGVzIjoiUk9MRV9DTElFTlQiLCJub20iOiJUZXN0IiwicHJlbm9tIjoiTWFuYWdlciIsImlhdCI6MTc2NzYxMjE0NSwiZXhwIjoxNzY3NjE1NzQ1fQ.H2-XJ-VL_VjpVdMVe7B3D3s-jGVaEWCiYS4OrlWJ6YY"]
             Body = null
    Session Attrs = {}

Handler:
             Type = com.smartlogi.sdms.controller.ColisController
           Method = com.smartlogi.sdms.controller.ColisController#filterColis(StatutColis, String, String, Priorite, Pageable)

Async:
    Async started = false
     Async result = null

Resolved Exception:
             Type = null

ModelAndView:
        View name = null
             View = null
            Model = null

FlashMap:
       Attributes = null

MockHttpServletResponse:
           Status = 403
    Error message = null
          Headers = [Vary:"Origin", "Access-Control-Request-Method", "Access-Control-Request-Headers", Content-Type:"application/json", X-Content-Type-Options:"nosniff", X-XSS-Protection:"0", Cache-Control:"no-cache, no-store, max-age=0, must-revalidate", Pragma:"no-cache", Expires:"0", X-Frame-Options:"DENY"]
     Content type = application/json
             Body = {"path":"/api/v1/colis","error":"AccÞs refusÚ","message":"Vous n'avez pas les permissions nÚcessaires pour accÚder Ó cette ressource.","timestamp":"2026-01-05T12:22:25.838123600","status":403}
    Forwarded URL = null
   Redirected URL = null
          Cookies = []
2026-01-05 12:22:26 [main] ERROR c.s.s.c.security.JwtTokenProvider - Token JWT malformÚ: Malformed JWT JSON: ?{?'
2026-01-05 12:22:26 [main] ERROR c.s.s.c.s.JwtAuthenticationEntryPoint - Erreur d'authentification: Full authentication is required to access this resource - URI: /api/v1/colis
[ERROR] Tests run: 4, Failures: 1, Errors: 0, Skipped: 0, Time elapsed: 0.956 s <<< FAILURE! -- in Tests d'accÞs aux endpoints protÚgÚs
[ERROR] com.smartlogi.sdms.security.AuthenticationIntegrationTest.accessProtectedEndpoint_WithValidToken_Returns200 -- Time elapsed: 0.383 s <<< FAILURE!
java.lang.AssertionError: Status expected:<200> but was:<403>
	at org.springframework.test.util.AssertionErrors.fail(AssertionErrors.java:61)
	at org.springframework.test.util.AssertionErrors.assertEquals(AssertionErrors.java:128)
	at org.springframework.test.web.servlet.result.StatusResultMatchers.lambda$matcher$9(StatusResultMatchers.java:640)
	at org.springframework.test.web.servlet.MockMvc$1.andExpect(MockMvc.java:214)
	at com.smartlogi.sdms.security.AuthenticationIntegrationTest$ProtectedEndpointsTests.accessProtectedEndpoint_WithValidToken_Returns200(AuthenticationIntegrationTest.java:146)
	at java.base/java.lang.reflect.Method.invoke(Method.java:568)
	at java.base/java.util.ArrayList.forEach(ArrayList.java:1511)
	at java.base/java.util.ArrayList.forEach(ArrayList.java:1511)
	at java.base/java.util.ArrayList.forEach(ArrayList.java:1511)

[INFO] Running Tests d'authentification /auth/login
2026-01-05 12:22:26 [main] WARN  c.s.sdms.controller.AuthController - Tentative de connexion ÚchouÚe pour: test-manager@smartlogi.com
2026-01-05 12:22:26 [main] WARN  c.s.sdms.controller.AuthController - Tentative de connexion ÚchouÚe pour: unknown@test.com
2026-01-05 12:22:27 [main] INFO  c.s.sdms.controller.AuthController - Connexion rÚussie pour l'utilisateur: test-manager@smartlogi.com

MockHttpServletRequest:
      HTTP Method = POST
      Request URI = /auth/login
       Parameters = {}
          Headers = [Content-Type:"application/json;charset=UTF-8", Content-Length:"63"]
             Body = {"email":"test-manager@smartlogi.com","password":"password123"}
    Session Attrs = {}

Handler:
             Type = com.smartlogi.sdms.controller.AuthController
           Method = com.smartlogi.sdms.controller.AuthController#login(LoginRequest)

Async:
    Async started = false
     Async result = null

Resolved Exception:
             Type = null

ModelAndView:
        View name = null
             View = null
            Model = null

FlashMap:
       Attributes = null

MockHttpServletResponse:
           Status = 200
    Error message = null
          Headers = [Vary:"Origin", "Access-Control-Request-Method", "Access-Control-Request-Headers", Content-Type:"application/json", X-Content-Type-Options:"nosniff", X-XSS-Protection:"0", Cache-Control:"no-cache, no-store, max-age=0, must-revalidate", Pragma:"no-cache", Expires:"0", X-Frame-Options:"DENY"]
     Content type = application/json
             Body = {"token":"eyJhbGciOiJIUzI1NiJ9.eyJzdWIiOiJ0ZXN0LW1hbmFnZXJAc21hcnRsb2dpLmNvbSIsInVzZXJJZCI6ImMxYThkMmJiLTdjMmQtNDU4Yi04ZjI5LTBmNTMxMmVjOGU4MSIsInJvbGVzIjoiUk9MRV9DTElFTlQiLCJub20iOiJUZXN0IiwicHJlbm9tIjoiTWFuYWdlciIsImlhdCI6MTc2NzYxMjE0NywiZXhwIjoxNzY3NjE1NzQ3fQ.cS5eJfYfDTABhaIYNqbbrlG5X_YZbPWyi36N9D7s6J8","type":"Bearer","expiresIn":3600000,"userId":"c1a8d2bb-7c2d-458b-8f29-0f5312ec8e81","email":"test-manager@smartlogi.com","nom":"Test","prenom":"Manager","role":null}
    Forwarded URL = null
   Redirected URL = null
          Cookies = []
[ERROR] Tests run: 4, Failures: 1, Errors: 0, Skipped: 0, Time elapsed: 1.067 s <<< FAILURE! -- in Tests d'authentification /auth/login
[ERROR] com.smartlogi.sdms.security.AuthenticationIntegrationTest.login_WithValidCredentials_ReturnsToken -- Time elapsed: 0.254 s <<< FAILURE!
java.lang.AssertionError: JSON path "$.role" expected:<GESTIONNAIRE> but was:<null>
	at org.springframework.test.util.AssertionErrors.fail(AssertionErrors.java:61)
	at org.springframework.test.util.AssertionErrors.assertEquals(AssertionErrors.java:128)
	at org.springframework.test.util.JsonPathExpectationsHelper.assertValue(JsonPathExpectationsHelper.java:172)
	at org.springframework.test.web.servlet.result.JsonPathResultMatchers.lambda$value$2(JsonPathResultMatchers.java:112)
	at org.springframework.test.web.servlet.MockMvc$1.andExpect(MockMvc.java:214)
	at com.smartlogi.sdms.security.AuthenticationIntegrationTest$LoginTests.login_WithValidCredentials_ReturnsToken(AuthenticationIntegrationTest.java:80)
	at java.base/java.lang.reflect.Method.invoke(Method.java:568)
	at java.base/java.util.ArrayList.forEach(ArrayList.java:1511)
	at java.base/java.util.ArrayList.forEach(ArrayList.java:1511)
	at java.base/java.util.ArrayList.forEach(ArrayList.java:1511)

[INFO] Tests run: 0, Failures: 0, Errors: 0, Skipped: 0, Time elapsed: 3.616 s -- in com.smartlogi.sdms.security.AuthenticationIntegrationTest
[INFO] Running com.smartlogi.sdms.security.JwtTokenProviderTest
2026-01-05 12:22:27 [main] ERROR c.s.s.c.security.JwtTokenProvider - Signature JWT invalide: JWT signature does not match locally computed signature. JWT validity cannot be asserted and should not be trusted.
2026-01-05 12:22:27 [main] ERROR c.s.s.c.security.JwtTokenProvider - Token JWT expirÚ: JWT expired at 2026-01-05T11:22:27Z. Current time: 2026-01-05T11:22:27Z, a difference of 365 milliseconds.  Allowed clock skew: 0 milliseconds.
2026-01-05 12:22:27 [main] ERROR c.s.s.c.security.JwtTokenProvider - Token JWT malformÚ: Malformed JWT JSON: ?{?'
[INFO] Tests run: 9, Failures: 0, Errors: 0, Skipped: 0, Time elapsed: 0.145 s -- in com.smartlogi.sdms.security.JwtTokenProviderTest
[INFO] Running Tests OAuth2
[INFO] Running OAuth2UserInfoFactory
[INFO] Tests run: 7, Failures: 0, Errors: 0, Skipped: 0, Time elapsed: 0.025 s -- in OAuth2UserInfoFactory
[INFO] Running AppleOAuth2UserInfo
[INFO] Tests run: 2, Failures: 0, Errors: 0, Skipped: 0, Time elapsed: 0.007 s -- in AppleOAuth2UserInfo
[INFO] Running FacebookOAuth2UserInfo
[INFO] Tests run: 2, Failures: 0, Errors: 0, Skipped: 0, Time elapsed: 0 s -- in FacebookOAuth2UserInfo
[INFO] Running GoogleOAuth2UserInfo
[INFO] Tests run: 2, Failures: 0, Errors: 0, Skipped: 0, Time elapsed: 0.007 s -- in GoogleOAuth2UserInfo
[INFO] Tests run: 0, Failures: 0, Errors: 0, Skipped: 0, Time elapsed: 0.042 s -- in Tests OAuth2
[INFO] Running com.smartlogi.sdms.security.RoleBasedAccessControlTest
[INFO] Running Tests d'accÞs aux endpoints publics
2026-01-05 12:22:28 [main] WARN  c.s.sdms.controller.AuthController - Tentative de connexion ÚchouÚe pour: test@test.com

MockHttpServletRequest:
      HTTP Method = GET
      Request URI = /actuator/health
       Parameters = {}
          Headers = []
             Body = null
    Session Attrs = {}

Handler:
             Type = org.springframework.web.servlet.resource.ResourceHttpRequestHandler

Async:
    Async started = false
     Async result = null

Resolved Exception:
             Type = org.springframework.web.servlet.resource.NoResourceFoundException

ModelAndView:
        View name = null
             View = null
            Model = null

FlashMap:
       Attributes = null

MockHttpServletResponse:
           Status = 404
    Error message = No static resource actuator/health.
          Headers = [Vary:"Origin", "Access-Control-Request-Method", "Access-Control-Request-Headers", X-Content-Type-Options:"nosniff", X-XSS-Protection:"0", Cache-Control:"no-cache, no-store, max-age=0, must-revalidate", Pragma:"no-cache", Expires:"0", X-Frame-Options:"DENY"]
     Content type = null
             Body = 
    Forwarded URL = null
   Redirected URL = null
          Cookies = []
[ERROR] Tests run: 4, Failures: 1, Errors: 0, Skipped: 0, Time elapsed: 6.167 s <<< FAILURE! -- in Tests d'accÞs aux endpoints publics
[ERROR] com.smartlogi.sdms.security.RoleBasedAccessControlTest.healthCheck_IsPublic -- Time elapsed: 0.500 s <<< FAILURE!
java.lang.AssertionError: Status expected:<200> but was:<404>
	at org.springframework.test.util.AssertionErrors.fail(AssertionErrors.java:61)
	at org.springframework.test.util.AssertionErrors.assertEquals(AssertionErrors.java:128)
	at org.springframework.test.web.servlet.result.StatusResultMatchers.lambda$matcher$9(StatusResultMatchers.java:640)
	at org.springframework.test.web.servlet.MockMvc$1.andExpect(MockMvc.java:214)
	at com.smartlogi.sdms.security.RoleBasedAccessControlTest$PublicEndpointsTests.healthCheck_IsPublic(RoleBasedAccessControlTest.java:227)
	at java.base/java.lang.reflect.Method.invoke(Method.java:568)
	at java.base/java.util.ArrayList.forEach(ArrayList.java:1511)
	at java.base/java.util.ArrayList.forEach(ArrayList.java:1511)
	at java.base/java.util.ArrayList.forEach(ArrayList.java:1511)

[INFO] Running Tests d'accÞs CLIENT (ROLE_CLIENT)
2026-01-05 12:22:34 [main] ERROR c.s.s.c.s.CustomAccessDeniedHandler - AccÞs refusÚ: Access Denied - URI: /api/v1/livreurs
2026-01-05 12:22:34 [main] ERROR c.s.s.c.s.CustomAccessDeniedHandler - AccÞs refusÚ: Access Denied - URI: /api/v1/livreurs
2026-01-05 12:22:35 [main] ERROR c.s.s.c.s.CustomAccessDeniedHandler - AccÞs refusÚ: Access Denied - URI: /api/v1/zones
2026-01-05 12:22:35 [main] ERROR c.s.s.c.s.CustomAccessDeniedHandler - AccÞs refusÚ: Access Denied - URI: /api/v1/statistiques/livreurs
[INFO] Tests run: 4, Failures: 0, Errors: 0, Skipped: 0, Time elapsed: 2.263 s -- in Tests d'accÞs CLIENT (ROLE_CLIENT)
[INFO] Running Tests d'accÞs LIVREUR (ROLE_DELIVERY)
2026-01-05 12:22:36 [main] ERROR c.s.s.c.s.CustomAccessDeniedHandler - AccÞs refusÚ: Access Denied - URI: /api/v1/livreurs
2026-01-05 12:22:36 [main] ERROR c.s.s.c.s.CustomAccessDeniedHandler - AccÞs refusÚ: Access Denied - URI: /api/v1/statistiques/livreurs
2026-01-05 12:22:37 [main] ERROR c.s.s.c.s.CustomAccessDeniedHandler - AccÞs refusÚ: Access Denied - URI: /api/v1/zones
[INFO] Tests run: 3, Failures: 0, Errors: 0, Skipped: 0, Time elapsed: 1.442 s -- in Tests d'accÞs LIVREUR (ROLE_DELIVERY)
[INFO] Running Tests d'accÞs MANAGER (ROLE_MANAGER)
2026-01-05 12:22:37 [main] ERROR c.s.s.c.s.CustomAccessDeniedHandler - AccÞs refusÚ: Access Denied - URI: /api/v1/colis

MockHttpServletRequest:
      HTTP Method = GET
      Request URI = /api/v1/colis
       Parameters = {}
          Headers = [Authorization:"Bearer eyJhbGciOiJIUzI1NiJ9.eyJzdWIiOiJtYW5hZ2VyQHRlc3QuY29tIiwidXNlcklkIjoiNGZkNjU4MzAtYmRkNy00OWViLWEzMTItMTI4NjQyYTI2ZmUyIiwicm9sZXMiOiJST0xFX0NMSUVOVCIsIm5vbSI6Ik1hbmFnZXIiLCJwcmVub20iOiJUZXN0IiwiaWF0IjoxNzY3NjEyMTU3LCJleHAiOjE3Njc2MTU3NTd9.dPuMV-moadTGiXsPdlMrWdJil06Znh-veY_bBkD15gE"]
             Body = null
    Session Attrs = {}

Handler:
             Type = com.smartlogi.sdms.controller.ColisController
           Method = com.smartlogi.sdms.controller.ColisController#filterColis(StatutColis, String, String, Priorite, Pageable)

Async:
    Async started = false
     Async result = null

Resolved Exception:
             Type = null

ModelAndView:
        View name = null
             View = null
            Model = null

FlashMap:
       Attributes = null

MockHttpServletResponse:
           Status = 403
    Error message = null
          Headers = [Vary:"Origin", "Access-Control-Request-Method", "Access-Control-Request-Headers", Content-Type:"application/json", X-Content-Type-Options:"nosniff", X-XSS-Protection:"0", Cache-Control:"no-cache, no-store, max-age=0, must-revalidate", Pragma:"no-cache", Expires:"0", X-Frame-Options:"DENY"]
     Content type = application/json
             Body = {"path":"/api/v1/colis","error":"AccÞs refusÚ","message":"Vous n'avez pas les permissions nÚcessaires pour accÚder Ó cette ressource.","timestamp":"2026-01-05T12:22:37.843732300","status":403}
    Forwarded URL = null
   Redirected URL = null
          Cookies = []
2026-01-05 12:22:38 [main] ERROR c.s.s.c.s.CustomAccessDeniedHandler - AccÞs refusÚ: Access Denied - URI: /api/v1/livreurs

MockHttpServletRequest:
      HTTP Method = GET
      Request URI = /api/v1/livreurs
       Parameters = {}
          Headers = [Authorization:"Bearer eyJhbGciOiJIUzI1NiJ9.eyJzdWIiOiJtYW5hZ2VyQHRlc3QuY29tIiwidXNlcklkIjoiYmQ0OGIyNTctOWY3My00MDc3LTliMmQtMDVlMGY3MTFiYWY4Iiwicm9sZXMiOiJST0xFX0NMSUVOVCIsIm5vbSI6Ik1hbmFnZXIiLCJwcmVub20iOiJUZXN0IiwiaWF0IjoxNzY3NjEyMTU4LCJleHAiOjE3Njc2MTU3NTh9.8sUJhNp3h_d3MFVdp3i_N6HlEHVB2c9goSbdWihax_g"]
             Body = null
    Session Attrs = {}

Handler:
             Type = null

Async:
    Async started = false
     Async result = null

Resolved Exception:
             Type = null

ModelAndView:
        View name = null
             View = null
            Model = null

FlashMap:
       Attributes = null

MockHttpServletResponse:
           Status = 403
    Error message = null
          Headers = [Vary:"Origin", "Access-Control-Request-Method", "Access-Control-Request-Headers", Content-Type:"application/json", X-Content-Type-Options:"nosniff", X-XSS-Protection:"0", Cache-Control:"no-cache, no-store, max-age=0, must-revalidate", Pragma:"no-cache", Expires:"0", X-Frame-Options:"DENY"]
     Content type = application/json
             Body = {"path":"/api/v1/livreurs","error":"AccÞs refusÚ","message":"Vous n'avez pas les permissions nÚcessaires pour accÚder Ó cette ressource.","timestamp":"2026-01-05T12:22:38.276815","status":403}
    Forwarded URL = null
   Redirected URL = null
          Cookies = []
2026-01-05 12:22:38 [main] ERROR c.s.s.c.s.CustomAccessDeniedHandler - AccÞs refusÚ: Access Denied - URI: /api/v1/statistiques/livreurs

MockHttpServletRequest:
      HTTP Method = GET
      Request URI = /api/v1/statistiques/livreurs
       Parameters = {}
          Headers = [Authorization:"Bearer eyJhbGciOiJIUzI1NiJ9.eyJzdWIiOiJtYW5hZ2VyQHRlc3QuY29tIiwidXNlcklkIjoiZTNkZGI0NTUtOTQxZi00ODQ1LWI5YmItZmI5ZDJjMWU4NjNhIiwicm9sZXMiOiJST0xFX0NMSUVOVCIsIm5vbSI6Ik1hbmFnZXIiLCJwcmVub20iOiJUZXN0IiwiaWF0IjoxNzY3NjEyMTU4LCJleHAiOjE3Njc2MTU3NTh9.hrU3vY28U3_B9cHrc_QwdNkL3dtfiUSADo-JOx7lZvk"]
             Body = null
    Session Attrs = {}

Handler:
             Type = null

Async:
    Async started = false
     Async result = null

Resolved Exception:
             Type = null

ModelAndView:
        View name = null
             View = null
            Model = null

FlashMap:
       Attributes = null

MockHttpServletResponse:
           Status = 403
    Error message = null
          Headers = [Vary:"Origin", "Access-Control-Request-Method", "Access-Control-Request-Headers", Content-Type:"application/json", X-Content-Type-Options:"nosniff", X-XSS-Protection:"0", Cache-Control:"no-cache, no-store, max-age=0, must-revalidate", Pragma:"no-cache", Expires:"0", X-Frame-Options:"DENY"]
     Content type = application/json
             Body = {"path":"/api/v1/statistiques/livreurs","error":"AccÞs refusÚ","message":"Vous n'avez pas les permissions nÚcessaires pour accÚder Ó cette ressource.","timestamp":"2026-01-05T12:22:38.721828600","status":403}
    Forwarded URL = null
   Redirected URL = null
          Cookies = []
2026-01-05 12:22:39 [main] ERROR c.s.s.c.s.CustomAccessDeniedHandler - AccÞs refusÚ: Access Denied - URI: /api/v1/zones

MockHttpServletRequest:
      HTTP Method = GET
      Request URI = /api/v1/zones
       Parameters = {}
          Headers = [Authorization:"Bearer eyJhbGciOiJIUzI1NiJ9.eyJzdWIiOiJtYW5hZ2VyQHRlc3QuY29tIiwidXNlcklkIjoiYTNhMGNiNzYtNTdlOC00Y2VhLWJiYjMtYmFmOGM0MDRiMzhkIiwicm9sZXMiOiJST0xFX0NMSUVOVCIsIm5vbSI6Ik1hbmFnZXIiLCJwcmVub20iOiJUZXN0IiwiaWF0IjoxNzY3NjEyMTU4LCJleHAiOjE3Njc2MTU3NTh9.sZUD-bvrNC3-0w5TA8dAVxiX2SzpGS2RY1gtpW3JP34"]
             Body = null
    Session Attrs = {}

Handler:
             Type = null

Async:
    Async started = false
     Async result = null

Resolved Exception:
             Type = null

ModelAndView:
        View name = null
             View = null
            Model = null

FlashMap:
       Attributes = null

MockHttpServletResponse:
           Status = 403
    Error message = null
          Headers = [Vary:"Origin", "Access-Control-Request-Method", "Access-Control-Request-Headers", Content-Type:"application/json", X-Content-Type-Options:"nosniff", X-XSS-Protection:"0", Cache-Control:"no-cache, no-store, max-age=0, must-revalidate", Pragma:"no-cache", Expires:"0", X-Frame-Options:"DENY"]
     Content type = application/json
             Body = {"path":"/api/v1/zones","error":"AccÞs refusÚ","message":"Vous n'avez pas les permissions nÚcessaires pour accÚder Ó cette ressource.","timestamp":"2026-01-05T12:22:39.139579300","status":403}
    Forwarded URL = null
   Redirected URL = null
          Cookies = []
[ERROR] Tests run: 4, Failures: 4, Errors: 0, Skipped: 0, Time elapsed: 1.775 s <<< FAILURE! -- in Tests d'accÞs MANAGER (ROLE_MANAGER)
[ERROR] com.smartlogi.sdms.security.RoleBasedAccessControlTest.manager_CanListAllColis -- Time elapsed: 0.459 s <<< FAILURE!
java.lang.AssertionError: Status expected:<200> but was:<403>
	at org.springframework.test.util.AssertionErrors.fail(AssertionErrors.java:61)
	at org.springframework.test.util.AssertionErrors.assertEquals(AssertionErrors.java:128)
	at org.springframework.test.web.servlet.result.StatusResultMatchers.lambda$matcher$9(StatusResultMatchers.java:640)
	at org.springframework.test.web.servlet.MockMvc$1.andExpect(MockMvc.java:214)
	at com.smartlogi.sdms.security.RoleBasedAccessControlTest$ManagerAccessTests.manager_CanListAllColis(RoleBasedAccessControlTest.java:100)
	at java.base/java.lang.reflect.Method.invoke(Method.java:568)
	at java.base/java.util.ArrayList.forEach(ArrayList.java:1511)
	at java.base/java.util.ArrayList.forEach(ArrayList.java:1511)
	at java.base/java.util.ArrayList.forEach(ArrayList.java:1511)

[ERROR] com.smartlogi.sdms.security.RoleBasedAccessControlTest.manager_CanManageLivreurs -- Time elapsed: 0.428 s <<< FAILURE!
java.lang.AssertionError: Status expected:<200> but was:<403>
	at org.springframework.test.util.AssertionErrors.fail(AssertionErrors.java:61)
	at org.springframework.test.util.AssertionErrors.assertEquals(AssertionErrors.java:128)
	at org.springframework.test.web.servlet.result.StatusResultMatchers.lambda$matcher$9(StatusResultMatchers.java:640)
	at org.springframework.test.web.servlet.MockMvc$1.andExpect(MockMvc.java:214)
	at com.smartlogi.sdms.security.RoleBasedAccessControlTest$ManagerAccessTests.manager_CanManageLivreurs(RoleBasedAccessControlTest.java:108)
	at java.base/java.lang.reflect.Method.invoke(Method.java:568)
	at java.base/java.util.ArrayList.forEach(ArrayList.java:1511)
	at java.base/java.util.ArrayList.forEach(ArrayList.java:1511)
	at java.base/java.util.ArrayList.forEach(ArrayList.java:1511)

[ERROR] com.smartlogi.sdms.security.RoleBasedAccessControlTest.manager_CanAccessStatistics -- Time elapsed: 0.442 s <<< FAILURE!
java.lang.AssertionError: Status expected:<200> but was:<403>
	at org.springframework.test.util.AssertionErrors.fail(AssertionErrors.java:61)
	at org.springframework.test.util.AssertionErrors.assertEquals(AssertionErrors.java:128)
	at org.springframework.test.web.servlet.result.StatusResultMatchers.lambda$matcher$9(StatusResultMatchers.java:640)
	at org.springframework.test.web.servlet.MockMvc$1.andExpect(MockMvc.java:214)
	at com.smartlogi.sdms.security.RoleBasedAccessControlTest$ManagerAccessTests.manager_CanAccessStatistics(RoleBasedAccessControlTest.java:124)
	at java.base/java.lang.reflect.Method.invoke(Method.java:568)
	at java.base/java.util.ArrayList.forEach(ArrayList.java:1511)
	at java.base/java.util.ArrayList.forEach(ArrayList.java:1511)
	at java.base/java.util.ArrayList.forEach(ArrayList.java:1511)

[ERROR] com.smartlogi.sdms.security.RoleBasedAccessControlTest.manager_CanManageZones -- Time elapsed: 0.417 s <<< FAILURE!
java.lang.AssertionError: Status expected:<200> but was:<403>
	at org.springframework.test.util.AssertionErrors.fail(AssertionErrors.java:61)
	at org.springframework.test.util.AssertionErrors.assertEquals(AssertionErrors.java:128)
	at org.springframework.test.web.servlet.result.StatusResultMatchers.lambda$matcher$9(StatusResultMatchers.java:640)
	at org.springframework.test.web.servlet.MockMvc$1.andExpect(MockMvc.java:214)
	at com.smartlogi.sdms.security.RoleBasedAccessControlTest$ManagerAccessTests.manager_CanManageZones(RoleBasedAccessControlTest.java:116)
	at java.base/java.lang.reflect.Method.invoke(Method.java:568)
	at java.base/java.util.ArrayList.forEach(ArrayList.java:1511)
	at java.base/java.util.ArrayList.forEach(ArrayList.java:1511)
	at java.base/java.util.ArrayList.forEach(ArrayList.java:1511)

[INFO] Tests run: 0, Failures: 0, Errors: 0, Skipped: 0, Time elapsed: 11.69 s -- in com.smartlogi.sdms.security.RoleBasedAccessControlTest
[INFO] Running Tests Unitaires pour ClientExpediteurServiceImpl
2026-01-05 12:22:39 [main] INFO  c.s.s.s.i.ClientExpediteurServiceImpl - CrÚation d'un nouveau client expÚditeur : test@client.com
2026-01-05 12:22:39 [main] INFO  c.s.s.s.i.ClientExpediteurServiceImpl - CrÚation d'un nouveau client expÚditeur : test@client.com
2026-01-05 12:22:39 [main] WARN  c.s.s.s.i.ClientExpediteurServiceImpl - Suppression du client expÚditeur ID : bad-id
2026-01-05 12:22:39 [main] INFO  c.s.s.s.i.ClientExpediteurServiceImpl - Mise Ó jour du client expÚditeur ID : client-123
2026-01-05 12:22:39 [main] WARN  c.s.s.s.i.ClientExpediteurServiceImpl - Suppression du client expÚditeur ID : client-123
2026-01-05 12:22:39 [main] INFO  c.s.s.s.i.ClientExpediteurServiceImpl - Mise Ó jour du client expÚditeur ID : client-123
2026-01-05 12:22:39 [main] INFO  c.s.s.s.i.ClientExpediteurServiceImpl - Mise Ó jour du client expÚditeur ID : client-123
[INFO] Tests run: 10, Failures: 0, Errors: 0, Skipped: 0, Time elapsed: 0.810 s -- in Tests Unitaires pour ClientExpediteurServiceImpl
[INFO] Running Tests Unitaires pour ColisServiceImpl
2026-01-05 12:22:41 [main] INFO  c.s.s.service.impl.ColisServiceImpl - Tentative de mise Ó jour du statut pour colis ID : colis-1. Nouveau statut : EN_STOCK
2026-01-05 12:22:41 [main] ERROR c.s.s.service.impl.ColisServiceImpl - Transition de statut invalide : le colis colis-1 est dÚjÓ LIVRE.
2026-01-05 12:22:42 [main] INFO  c.s.s.service.impl.ColisServiceImpl - DÚbut de la crÚation de demande de livraison pour le client ID : client-1
2026-01-05 12:22:42 [main] INFO  c.s.s.service.impl.ColisServiceImpl - Colis crÚÚ avec succÞs (1 produits, 5.0 kg)
2026-01-05 12:22:42 [main] WARN  c.s.s.service.impl.ColisServiceImpl - Suppression du colis ID : bad-id
2026-01-05 12:22:42 [main] WARN  c.s.s.service.impl.ColisServiceImpl - Suppression du colis ID : colis-1
2026-01-05 12:22:42 [main] INFO  c.s.s.service.impl.ColisServiceImpl - Tentative d'assignation du colis ID : colis-1 au livreur ID : bad-livreur-id
2026-01-05 12:22:42 [main] INFO  c.s.s.service.impl.ColisServiceImpl - Statistiques calculÚes : 0 livreurs, 0 zones.
2026-01-05 12:22:42 [main] WARN  c.s.s.service.impl.ColisServiceImpl - MÚthode update(ColisDTO) non encore implÚmentÚe.
2026-01-05 12:22:42 [main] INFO  c.s.s.service.impl.ColisServiceImpl - Tentative de mise Ó jour du statut pour colis ID : colis-1. Nouveau statut : COLLECTE
2026-01-05 12:22:42 [main] INFO  c.s.s.service.impl.ColisServiceImpl - Statut du colis ID colis-1 mis Ó jour Ó COLLECTE et historique crÚÚ.
2026-01-05 12:22:42 [main] INFO  c.s.s.service.impl.ColisServiceImpl - Tentative d'assignation du colis ID : colis-1 au livreur ID : livreur-1
2026-01-05 12:22:42 [main] INFO  c.s.s.service.impl.ColisServiceImpl - Colis ID colis-1 assignÚ avec succÞs au livreur Youssef
[INFO] Tests run: 16, Failures: 0, Errors: 0, Skipped: 0, Time elapsed: 2.200 s -- in Tests Unitaires pour ColisServiceImpl
[INFO] Running Tests Unitaires pour DestinataireServiceImpl
2026-01-05 12:22:42 [main] INFO  c.s.s.s.impl.DestinataireServiceImpl - Mise Ó jour du destinataire ID : dest-123
2026-01-05 12:22:42 [main] INFO  c.s.s.s.impl.DestinataireServiceImpl - CrÚation d'un nouveau destinataire : test@destinataire.com
2026-01-05 12:22:42 [main] INFO  c.s.s.s.impl.DestinataireServiceImpl - CrÚation d'un nouveau destinataire : test@destinataire.com
2026-01-05 12:22:42 [main] WARN  c.s.s.s.impl.DestinataireServiceImpl - Suppression du destinataire ID : dest-123
[INFO] Tests run: 7, Failures: 0, Errors: 0, Skipped: 0, Time elapsed: 0.220 s -- in Tests Unitaires pour DestinataireServiceImpl
[INFO] Running Tests Unitaires pour GestionnaireLogistiqueServiceImpl (Faþade)
2026-01-05 12:22:42 [main] INFO  c.s.s.s.i.GestionnaireLogistiqueServiceImpl - Mise Ó jour du gestionnaire ID : bad-id
2026-01-05 12:22:42 [main] INFO  c.s.s.s.i.GestionnaireLogistiqueServiceImpl - Mise Ó jour du gestionnaire ID : gest-1
2026-01-05 12:22:42 [main] INFO  c.s.s.s.i.GestionnaireLogistiqueServiceImpl - CrÚation d'un gestionnaire : new@smartlogi.com
2026-01-05 12:22:42 [main] WARN  c.s.s.s.i.GestionnaireLogistiqueServiceImpl - Suppression du gestionnaire ID : bad-id
2026-01-05 12:22:42 [main] WARN  c.s.s.s.i.GestionnaireLogistiqueServiceImpl - Suppression du gestionnaire ID : gest-1
[INFO] Tests run: 10, Failures: 0, Errors: 0, Skipped: 0, Time elapsed: 0.536 s -- in Tests Unitaires pour GestionnaireLogistiqueServiceImpl (Faþade)
[INFO] Running Tests Unitaires pour GlobalSearchServiceImpl
[INFO] Tests run: 1, Failures: 0, Errors: 0, Skipped: 0, Time elapsed: 0.149 s -- in Tests Unitaires pour GlobalSearchServiceImpl
[INFO] Running Tests Unitaires pour HistoriqueLivraisonServiceImpl
[INFO] Tests run: 1, Failures: 0, Errors: 0, Skipped: 0, Time elapsed: 0.142 s -- in Tests Unitaires pour HistoriqueLivraisonServiceImpl
[INFO] Running Tests Unitaires pour LivreurServiceImpl
2026-01-05 12:22:43 [main] INFO  c.s.s.s.impl.LivreurServiceImpl - Mise Ó jour du livreur ID : livreur-123
2026-01-05 12:22:43 [main] INFO  c.s.s.s.impl.LivreurServiceImpl - CrÚation d'un nouveau livreur : test@livreur.com
2026-01-05 12:22:43 [main] INFO  c.s.s.s.impl.LivreurServiceImpl - Mise Ó jour du livreur ID : livreur-123
2026-01-05 12:22:43 [main] INFO  c.s.s.s.impl.LivreurServiceImpl - CrÚation d'un nouveau livreur : test@livreur.com
2026-01-05 12:22:43 [main] WARN  c.s.s.s.impl.LivreurServiceImpl - Suppression du livreur ID : bad-id
2026-01-05 12:22:43 [main] WARN  c.s.s.s.impl.LivreurServiceImpl - Suppression du livreur ID : livreur-123
[INFO] Tests run: 9, Failures: 0, Errors: 0, Skipped: 0, Time elapsed: 0.417 s -- in Tests Unitaires pour LivreurServiceImpl
[INFO] Running Tests Unitaires pour ProduitServiceImpl
2026-01-05 12:22:43 [main] INFO  c.s.s.s.impl.ProduitServiceImpl - Mise Ó jour du produit ID : bad-id
2026-01-05 12:22:43 [main] INFO  c.s.s.s.impl.ProduitServiceImpl - Mise Ó jour du produit ID : prod-123
2026-01-05 12:22:43 [main] INFO  c.s.s.s.impl.ProduitServiceImpl - CrÚation d'un nouveau produit : PC Portable
2026-01-05 12:22:43 [main] WARN  c.s.s.s.impl.ProduitServiceImpl - Suppression du produit ID : bad-id
2026-01-05 12:22:43 [main] WARN  c.s.s.s.impl.ProduitServiceImpl - Suppression du produit ID : prod-123
[INFO] Tests run: 8, Failures: 0, Errors: 0, Skipped: 0, Time elapsed: 0.244 s -- in Tests Unitaires pour ProduitServiceImpl
[INFO] Running Tests Unitaires pour ZoneServiceImpl
2026-01-05 12:22:44 [main] INFO  c.s.s.service.impl.ZoneServiceImpl - Mise Ó jour de la zone ID : bad-id
2026-01-05 12:22:44 [main] INFO  c.s.s.service.impl.ZoneServiceImpl - Mise Ó jour de la zone ID : zone-123
2026-01-05 12:22:44 [main] INFO  c.s.s.service.impl.ZoneServiceImpl - CrÚation d'une nouvelle zone : Zone Test
2026-01-05 12:22:44 [main] WARN  c.s.s.service.impl.ZoneServiceImpl - Suppression de la zone ID : bad-id
2026-01-05 12:22:44 [main] WARN  c.s.s.service.impl.ZoneServiceImpl - Suppression de la zone ID : zone-123
[INFO] Tests run: 8, Failures: 0, Errors: 0, Skipped: 0, Time elapsed: 0.275 s -- in Tests Unitaires pour ZoneServiceImpl
[INFO] Running com.smartlogi.sdms.SmartLogiDeliveryManagementSystemApplicationTests
[INFO] Tests run: 1, Failures: 0, Errors: 0, Skipped: 0, Time elapsed: 0.036 s -- in com.smartlogi.sdms.SmartLogiDeliveryManagementSystemApplicationTests
[INFO] Running com.smartlogi.security.AppUserDetailsServiceTest
[INFO] Tests run: 5, Failures: 0, Errors: 0, Skipped: 0, Time elapsed: 0.213 s -- in com.smartlogi.security.AppUserDetailsServiceTest
[INFO] Running com.smartlogi.security.JwtAuthFilterTest
2026-01-05 12:22:45 [main] ERROR c.smartlogi.security.JwtAuthFilter - Erreur lors de l'authentification JWT: JWT parsing error
[INFO] Tests run: 7, Failures: 0, Errors: 0, Skipped: 0, Time elapsed: 0.709 s -- in com.smartlogi.security.JwtAuthFilterTest
[INFO] 
[INFO] Results:
[INFO] 
[ERROR] Failures: 
[ERROR]   AuthenticationIntegrationTest.accessProtectedEndpoint_WithValidToken_Returns200 Status expected:<200> but was:<403>
[ERROR]   AuthenticationIntegrationTest.login_WithValidCredentials_ReturnsToken JSON path "$.role" expected:<GESTIONNAIRE> but was:<null>
[ERROR]   RoleBasedAccessControlTest.healthCheck_IsPublic Status expected:<200> but was:<404>
[ERROR]   RoleBasedAccessControlTest.manager_CanAccessStatistics Status expected:<200> but was:<403>
[ERROR]   RoleBasedAccessControlTest.manager_CanListAllColis Status expected:<200> but was:<403>
[ERROR]   RoleBasedAccessControlTest.manager_CanManageLivreurs Status expected:<200> but was:<403>
[ERROR]   RoleBasedAccessControlTest.manager_CanManageZones Status expected:<200> but was:<403>
[ERROR] Errors: 
[ERROR]   AuthenticationIntegrationTest.getCurrentUser_WithValidToken_ReturnsUserInfo ╗ Servlet Request processing failed: java.lang.NullPointerException
[ERROR]   AuthenticationIntegrationTest.getCurrentUser_WithoutToken_Returns401 ╗ Servlet Request processing failed: java.lang.ClassCastException: class java.lang.String cannot be cast to class com.smartlogi.sdms.config.security.CustomUserDetails (java.lang.String is in module java.base of loader 'bootstrap'; com.smartlogi.sdms.config.security.CustomUserDetails is in unnamed module of loader 'app')
[INFO] 
[ERROR] Tests run: 287, Failures: 7, Errors: 2, Skipped: 0
[INFO] 
[INFO] ------------------------------------------------------------------------
[INFO] BUILD FAILURE
[INFO] ------------------------------------------------------------------------
[INFO] Total time:  01:49 min
[INFO] Finished at: 2026-01-05T12:22:46+01:00
[INFO] ------------------------------------------------------------------------
[ERROR] Failed to execute goal org.apache.maven.plugins:maven-surefire-plugin:3.5.4:test (default-test) on project sdms: There are test failures.
[ERROR] 
[ERROR] See C:\Users\safiy\Desktop\general\briefs\sdms\target\surefire-reports for the individual test results.
[ERROR] See dump files (if any exist) [date].dump, [date]-jvmRun[N].dump and [date].dumpstream.
[ERROR] -> [Help 1]
[ERROR] 
[ERROR] To see the full stack trace of the errors, re-run Maven with the -e switch.
[ERROR] Re-run Maven using the -X switch to enable full debug logging.
[ERROR] 
[ERROR] For more information about the errors and possible solutions, please read the following articles:
[ERROR] [Help 1] http://cwiki.apache.org/confluence/display/MAVEN/MojoFailureException
